Archive member included because of file (symbol)

c:/freescale/kds_v3/toolchain/bin/../lib/gcc/arm-none-eabi/4.8.4/../../../../arm-none-eabi/lib/armv7e-m/fpu\libm.a(lib_a-s_modf.o)
                              ./utilities/fsl_debug_console.o (modf)
c:/freescale/kds_v3/toolchain/bin/../lib/gcc/arm-none-eabi/4.8.4/../../../../arm-none-eabi/lib/armv7e-m/fpu\libm.a(lib_a-w_pow.o)
                              ./utilities/fsl_debug_console.o (pow)
c:/freescale/kds_v3/toolchain/bin/../lib/gcc/arm-none-eabi/4.8.4/../../../../arm-none-eabi/lib/armv7e-m/fpu\libm.a(lib_a-e_pow.o)
                              c:/freescale/kds_v3/toolchain/bin/../lib/gcc/arm-none-eabi/4.8.4/../../../../arm-none-eabi/lib/armv7e-m/fpu\libm.a(lib_a-w_pow.o) (__ieee754_pow)
c:/freescale/kds_v3/toolchain/bin/../lib/gcc/arm-none-eabi/4.8.4/../../../../arm-none-eabi/lib/armv7e-m/fpu\libm.a(lib_a-e_sqrt.o)
                              c:/freescale/kds_v3/toolchain/bin/../lib/gcc/arm-none-eabi/4.8.4/../../../../arm-none-eabi/lib/armv7e-m/fpu\libm.a(lib_a-e_pow.o) (__ieee754_sqrt)
c:/freescale/kds_v3/toolchain/bin/../lib/gcc/arm-none-eabi/4.8.4/../../../../arm-none-eabi/lib/armv7e-m/fpu\libm.a(lib_a-s_fabs.o)
                              c:/freescale/kds_v3/toolchain/bin/../lib/gcc/arm-none-eabi/4.8.4/../../../../arm-none-eabi/lib/armv7e-m/fpu\libm.a(lib_a-e_pow.o) (fabs)
c:/freescale/kds_v3/toolchain/bin/../lib/gcc/arm-none-eabi/4.8.4/../../../../arm-none-eabi/lib/armv7e-m/fpu\libm.a(lib_a-s_finite.o)
                              c:/freescale/kds_v3/toolchain/bin/../lib/gcc/arm-none-eabi/4.8.4/../../../../arm-none-eabi/lib/armv7e-m/fpu\libm.a(lib_a-w_pow.o) (finite)
c:/freescale/kds_v3/toolchain/bin/../lib/gcc/arm-none-eabi/4.8.4/../../../../arm-none-eabi/lib/armv7e-m/fpu\libm.a(lib_a-s_fpclassify.o)
                              c:/freescale/kds_v3/toolchain/bin/../lib/gcc/arm-none-eabi/4.8.4/../../../../arm-none-eabi/lib/armv7e-m/fpu\libm.a(lib_a-w_pow.o) (__fpclassifyd)
c:/freescale/kds_v3/toolchain/bin/../lib/gcc/arm-none-eabi/4.8.4/../../../../arm-none-eabi/lib/armv7e-m/fpu\libm.a(lib_a-s_lib_ver.o)
                              c:/freescale/kds_v3/toolchain/bin/../lib/gcc/arm-none-eabi/4.8.4/../../../../arm-none-eabi/lib/armv7e-m/fpu\libm.a(lib_a-w_pow.o) (__fdlib_version)
c:/freescale/kds_v3/toolchain/bin/../lib/gcc/arm-none-eabi/4.8.4/../../../../arm-none-eabi/lib/armv7e-m/fpu\libm.a(lib_a-s_matherr.o)
                              c:/freescale/kds_v3/toolchain/bin/../lib/gcc/arm-none-eabi/4.8.4/../../../../arm-none-eabi/lib/armv7e-m/fpu\libm.a(lib_a-w_pow.o) (matherr)
c:/freescale/kds_v3/toolchain/bin/../lib/gcc/arm-none-eabi/4.8.4/../../../../arm-none-eabi/lib/armv7e-m/fpu\libm.a(lib_a-s_nan.o)
                              c:/freescale/kds_v3/toolchain/bin/../lib/gcc/arm-none-eabi/4.8.4/../../../../arm-none-eabi/lib/armv7e-m/fpu\libm.a(lib_a-e_pow.o) (nan)
c:/freescale/kds_v3/toolchain/bin/../lib/gcc/arm-none-eabi/4.8.4/../../../../arm-none-eabi/lib/armv7e-m/fpu\libm.a(lib_a-s_rint.o)
                              c:/freescale/kds_v3/toolchain/bin/../lib/gcc/arm-none-eabi/4.8.4/../../../../arm-none-eabi/lib/armv7e-m/fpu\libm.a(lib_a-w_pow.o) (rint)
c:/freescale/kds_v3/toolchain/bin/../lib/gcc/arm-none-eabi/4.8.4/../../../../arm-none-eabi/lib/armv7e-m/fpu\libm.a(lib_a-s_scalbn.o)
                              c:/freescale/kds_v3/toolchain/bin/../lib/gcc/arm-none-eabi/4.8.4/../../../../arm-none-eabi/lib/armv7e-m/fpu\libm.a(lib_a-e_pow.o) (scalbn)
c:/freescale/kds_v3/toolchain/bin/../lib/gcc/arm-none-eabi/4.8.4/../../../../arm-none-eabi/lib/armv7e-m/fpu\libm.a(lib_a-s_copysign.o)
                              c:/freescale/kds_v3/toolchain/bin/../lib/gcc/arm-none-eabi/4.8.4/../../../../arm-none-eabi/lib/armv7e-m/fpu\libm.a(lib_a-s_scalbn.o) (copysign)
c:/freescale/kds_v3/toolchain/bin/../lib/gcc/arm-none-eabi/4.8.4/armv7e-m/fpu\libgcc.a(_arm_addsubdf3.o)
                              ./utilities/fsl_debug_console.o (__aeabi_dsub)
c:/freescale/kds_v3/toolchain/bin/../lib/gcc/arm-none-eabi/4.8.4/armv7e-m/fpu\libgcc.a(_arm_muldivdf3.o)
                              ./utilities/fsl_debug_console.o (__aeabi_dmul)
c:/freescale/kds_v3/toolchain/bin/../lib/gcc/arm-none-eabi/4.8.4/armv7e-m/fpu\libgcc.a(_arm_cmpdf2.o)
                              ./utilities/fsl_debug_console.o (__aeabi_dcmpeq)
c:/freescale/kds_v3/toolchain/bin/../lib/gcc/arm-none-eabi/4.8.4/armv7e-m/fpu\libgcc.a(_arm_fixdfsi.o)
                              ./utilities/fsl_debug_console.o (__aeabi_d2iz)
c:/freescale/kds_v3/toolchain/bin/../lib/gcc/arm-none-eabi/4.8.4/armv7e-m/fpu\libgcc.a(_arm_truncdfsf2.o)
                              ./utilities/fsl_debug_console.o (__aeabi_d2f)
c:/freescale/kds_v3/toolchain/bin/../lib/gcc/arm-none-eabi/4.8.4/armv7e-m/fpu\libgcc.a(_aeabi_ldivmod.o)
                              ./utilities/fsl_debug_console.o (__aeabi_ldivmod)
c:/freescale/kds_v3/toolchain/bin/../lib/gcc/arm-none-eabi/4.8.4/armv7e-m/fpu\libgcc.a(_aeabi_uldivmod.o)
[...]
Memory Configuration

Name             Origin             Length             Attributes
m_interrupts     0x00000000         0x000003c0         xr
m_bootloader_config 0x000003c0         0x00000040         xr
m_flash_config   0x00000400         0x00000010         xr
m_text           0x00000410         0x0003fbf0         xr
m_data           0x1fff0000         0x00010000         rw
m_data_2         0x20000000         0x00030000         rw
*default*        0x00000000         0xffffffff

Linker script and memory map

LOAD c:/freescale/kds_v3/toolchain/bin/../lib/gcc/arm-none-eabi/4.8.4/armv7e-m/fpu/crti.o
LOAD c:/freescale/kds_v3/toolchain/bin/../lib/gcc/arm-none-eabi/4.8.4/armv7e-m/fpu/crtbegin.o
LOAD c:/freescale/kds_v3/toolchain/bin/../lib/gcc/arm-none-eabi/4.8.4/../../../../arm-none-eabi/lib/armv7e-m/fpu/crt0.o
LOAD ./utilities/fsl_debug_console.o
LOAD ./utilities/fsl_notifier.o
LOAD ./utilities/fsl_sbrk.o
LOAD ./startup/startup_MK82F25615.o
LOAD ./startup/system_MK82F25615.o
LOAD ./source/NRF24L01.o
LOAD ./source/SPI.o
LOAD ./source/Utilities.o
LOAD ./source/main.o
LOAD ./drivers/fsl_adc16.o
LOAD ./drivers/fsl_clock.o
LOAD ./drivers/fsl_cmp.o
LOAD ./drivers/fsl_cmt.o
LOAD ./drivers/fsl_common.o
LOAD ./drivers/fsl_crc.o
LOAD ./drivers/fsl_dac.o
LOAD ./drivers/fsl_dmamux.o
LOAD ./drivers/fsl_dspi.o
LOAD ./drivers/fsl_dspi_edma.o
LOAD ./drivers/fsl_edma.o
LOAD ./drivers/fsl_ewm.o
LOAD ./drivers/fsl_flash.o
LOAD ./drivers/fsl_flexbus.o
LOAD ./drivers/fsl_flexio.o
LOAD ./drivers/fsl_flexio_camera.o
LOAD ./drivers/fsl_flexio_camera_edma.o
LOAD ./drivers/fsl_flexio_i2c_master.o
LOAD ./drivers/fsl_flexio_i2s.o
LOAD ./drivers/fsl_flexio_i2s_edma.o
LOAD ./drivers/fsl_flexio_spi.o
LOAD ./drivers/fsl_flexio_spi_edma.o
LOAD ./drivers/fsl_flexio_uart.o
LOAD ./drivers/fsl_flexio_uart_edma.o
LOAD ./drivers/fsl_ftm.o
LOAD ./drivers/fsl_gpio.o
LOAD ./drivers/fsl_i2c.o
LOAD ./drivers/fsl_i2c_edma.o
LOAD ./drivers/fsl_llwu.o
LOAD ./drivers/fsl_lmem_cache.o
LOAD ./drivers/fsl_lptmr.o
LOAD ./drivers/fsl_lpuart.o
LOAD ./drivers/fsl_lpuart_edma.o
LOAD ./drivers/fsl_ltc.o
LOAD ./drivers/fsl_ltc_edma.o
LOAD ./drivers/fsl_mpu.o
LOAD ./drivers/fsl_pdb.o
LOAD ./drivers/fsl_pit.o
LOAD ./drivers/fsl_pmc.o
LOAD ./drivers/fsl_qspi.o
LOAD ./drivers/fsl_qspi_edma.o
LOAD ./drivers/fsl_rcm.o
LOAD ./drivers/fsl_rtc.o
LOAD ./drivers/fsl_sai.o
LOAD ./drivers/fsl_sai_edma.o
LOAD ./drivers/fsl_sdhc.o
LOAD ./drivers/fsl_sdramc.o
LOAD ./drivers/fsl_sim.o
LOAD ./drivers/fsl_smartcard_emvsim.o
LOAD ./drivers/fsl_smartcard_phy_emvsim.o
LOAD ./drivers/fsl_smartcard_phy_ncn8025.o
LOAD ./drivers/fsl_smc.o
LOAD ./drivers/fsl_tpm.o
LOAD ./drivers/fsl_trng.o
LOAD ./drivers/fsl_tsi_v4.o
LOAD ./drivers/fsl_vref.o
LOAD ./drivers/fsl_wdog.o
LOAD ./board/board.o
LOAD ./board/clock_config.o
LOAD ./board/pin_mux.o
LOAD c:/freescale/kds_v3/toolchain/bin/../lib/gcc/arm-none-eabi/4.8.4/../../../../arm-none-eabi/lib/armv7e-m/fpu\libstdc++_s.a
LOAD c:/freescale/kds_v3/toolchain/bin/../lib/gcc/arm-none-eabi/4.8.4/../../../../arm-none-eabi/lib/armv7e-m/fpu\libm.a
START GROUP
LOAD c:/freescale/kds_v3/toolchain/bin/../lib/gcc/arm-none-eabi/4.8.4/armv7e-m/fpu\libgcc.a
LOAD c:/freescale/kds_v3/toolchain/bin/../lib/gcc/arm-none-eabi/4.8.4/../../../../arm-none-eabi/lib/armv7e-m/fpu\libg_s.a
LOAD c:/freescale/kds_v3/toolchain/bin/../lib/gcc/arm-none-eabi/4.8.4/../../../../arm-none-eabi/lib/armv7e-m/fpu\libc_s.a
END GROUP
START GROUP
LOAD c:/freescale/kds_v3/toolchain/bin/../lib/gcc/arm-none-eabi/4.8.4/armv7e-m/fpu\libgcc.a
LOAD c:/freescale/kds_v3/toolchain/bin/../lib/gcc/arm-none-eabi/4.8.4/../../../../arm-none-eabi/lib/armv7e-m/fpu\libc_s.a
LOAD c:/freescale/kds_v3/toolchain/bin/../lib/gcc/arm-none-eabi/4.8.4/../../../../arm-none-eabi/lib/armv7e-m/fpu\libnosys.a
END GROUP
START GROUP
LOAD c:/freescale/kds_v3/toolchain/bin/../lib/gcc/arm-none-eabi/4.8.4/armv7e-m/fpu\libgcc.a
LOAD c:/freescale/kds_v3/toolchain/bin/../lib/gcc/arm-none-eabi/4.8.4/../../../../arm-none-eabi/lib/armv7e-m/fpu\libc_s.a
LOAD c:/freescale/kds_v3/toolchain/bin/../lib/gcc/arm-none-eabi/4.8.4/../../../../arm-none-eabi/lib/armv7e-m/fpu\libnosys.a
END GROUP
LOAD c:/freescale/kds_v3/toolchain/bin/../lib/gcc/arm-none-eabi/4.8.4/armv7e-m/fpu/crtend.o
LOAD c:/freescale/kds_v3/toolchain/bin/../lib/gcc/arm-none-eabi/4.8.4/armv7e-m/fpu/crtn.o
                0x00000400                HEAP_SIZE = DEFINED (__heap_size__)?__heap_size__:0x400
                0x00000400                STACK_SIZE = DEFINED (__stack_size__)?__stack_size__:0x400
                0x00000000                M_VECTOR_RAM_SIZE = DEFINED (__ram_vector_table__)?0x3c0:0x0

.interrupts     0x00000000      0x3c0
                0x00000000                __VECTOR_TABLE = .
                0x00000000                . = ALIGN (0x4)
 *(.isr_vector)
 .isr_vector    0x00000000      0x3c0 ./startup/startup_MK82F25615.o
                0x00000000                __isr_vector
                0x000003c0                . = ALIGN (0x4)

.bootloader_config
                0x000003c0        0x0
                0x000003c0                . = ALIGN (0x4)
 *(.BootloaderConfig)
                0x000003c0                . = ALIGN (0x4)

.flash_config   0x00000400       0x10
                0x00000400                . = ALIGN (0x4)
 *(.FlashConfig)
 .FlashConfig   0x00000400       0x10 ./startup/startup_MK82F25615.o
                0x00000410                . = ALIGN (0x4)

.text           0x00000410     0x9664
                0x00000410                . = ALIGN (0x4)
 *(.text)
 .text          0x00000410       0x54 c:/freescale/kds_v3/toolchain/bin/../lib/gcc/arm-none-eabi/4.8.4/armv7e-m/fpu/crtbegin.o
 .text          0x00000464       0x74 c:/freescale/kds_v3/toolchain/bin/../lib/gcc/arm-none-eabi/4.8.4/../../../../arm-none-eabi/lib/armv7e-m/fpu/crt0.o
                0x00000464                _start
                0x00000464                _mainCRTStartup
 .text          0x000004d8      0x180 ./startup/startup_MK82F25615.o
                0x000004d8                Reset_Handler
                0x0000051c                Reserved111_IRQHandler
                0x0000051c                DebugMon_Handler
                0x0000051c                Reserved88_IRQHandler
                0x0000051c                Reserved122_IRQHandler
                0x0000051c                DMA13_DMA29_DriverIRQHandler
                0x0000051c                PIT0CH2_IRQHandler
                0x0000051c                LPTMR0_LPTMR1_IRQHandler
                0x0000051c                Reserved85_IRQHandler
                0x0000051c                DMA_Error_DriverIRQHandler
                0x0000051c                PORTC_IRQHandler
                0x0000051c                Reserved114_IRQHandler
                0x0000051c                Reserved52_IRQHandler
                0x0000051c                CMP0_IRQHandler
                0x0000051c                Reserved93_IRQHandler
                0x0000051c                Reserved89_IRQHandler
                0x0000051c                PIT0CH1_IRQHandler
                0x0000051c                Reserved99_IRQHandler
                0x0000051c                DMA7_DMA23_DriverIRQHandler
                0x0000051c                Reserved119_IRQHandler
                0x0000051c                LLWU_IRQHandler
                0x0000051c                Reserved84_IRQHandler
                0x0000051c                TSI0_IRQHandler
                0x0000051c                DMA15_DMA31_DriverIRQHandler
                0x0000051c                Reserved92_IRQHandler
                0x0000051c                DMA14_DMA30_DriverIRQHandler
                0x0000051c                SWI_IRQHandler
                0x0000051c                ADC0_IRQHandler
                0x0000051c                EMVSIM0_IRQHandler
                0x0000051c                UsageFault_Handler
                0x0000051c                BusFault_Handler
                0x0000051c                CMT_IRQHandler
                0x0000051c                FTM2_IRQHandler
                0x0000051c                QuadSPI0_DriverIRQHandler
                0x0000051c                DMA5_DMA21_DriverIRQHandler
                0x0000051c                DMA0_DMA16_DriverIRQHandler
                0x0000051c                DefaultISR
                0x0000051c                PORTE_IRQHandler
                0x0000051c                DMA2_DMA18_DriverIRQHandler
                0x0000051c                Reserved82_IRQHandler
                0x0000051c                CMP1_IRQHandler
                0x0000051c                Reserved71_IRQHandler
                0x0000051c                PORTD_IRQHandler
                0x0000051c                PORTB_IRQHandler
                0x0000051c                FTM3_IRQHandler
                0x0000051c                TPM2_IRQHandler
                0x0000051c                PIT0CH3_IRQHandler
                0x0000051c                RTC_IRQHandler
                0x0000051c                PDB0_IRQHandler
                0x0000051c                Reserved96_IRQHandler
                0x0000051c                FTM1_IRQHandler
                0x0000051c                DMA12_DMA28_DriverIRQHandler
                0x0000051c                PIT0CH0_IRQHandler
                0x0000051c                Reserved95_IRQHandler
                0x0000051c                Reserved121_IRQHandler
                0x0000051c                FTFA_IRQHandler
                0x0000051c                RTC_Seconds_IRQHandler
                0x0000051c                MCG_IRQHandler
                0x0000051c                DMA10_DMA26_DriverIRQHandler
                0x0000051c                Reserved108_IRQHandler
                0x0000051c                TRNG0_IRQHandler
                0x0000051c                Reserved117_IRQHandler
                0x0000051c                Reserved110_IRQHandler
                0x0000051c                Read_Collision_IRQHandler
                0x0000051c                LTC0_IRQHandler
                0x0000051c                DMA1_DMA17_DriverIRQHandler
                0x0000051c                Reserved98_IRQHandler
                0x0000051c                Reserved102_IRQHandler
                0x0000051c                USBDCD_IRQHandler
                0x0000051c                DMA8_DMA24_DriverIRQHandler
                0x0000051c                DMA6_DMA22_DriverIRQHandler
                0x0000051c                Reserved101_IRQHandler
                0x0000051c                USB0_IRQHandler
                0x0000051c                MCM_IRQHandler
                0x0000051c                PORTA_IRQHandler
                0x0000051c                WDOG_EWM_IRQHandler
                0x0000051c                MemManage_Handler
                0x0000051c                Reserved83_IRQHandler
                0x0000051c                Reserved115_IRQHandler
                0x0000051c                Reserved51_IRQHandler
                0x0000051c                DMA11_DMA27_DriverIRQHandler
                0x0000051c                Reserved109_IRQHandler
                0x0000051c                DMA4_DMA20_DriverIRQHandler
                0x0000051c                DMA9_DMA25_DriverIRQHandler
                0x0000051c                Reserved100_IRQHandler
                0x0000051c                EMVSIM1_IRQHandler
                0x0000051c                Reserved91_IRQHandler
                0x0000051c                FTM0_IRQHandler
                0x0000051c                DAC0_IRQHandler
                0x0000051c                Reserved118_IRQHandler
                0x0000051c                DMA3_DMA19_DriverIRQHandler
                0x0000051c                Reserved94_IRQHandler
                0x0000051c                LVD_LVW_IRQHandler
                0x0000051c                Reserved106_IRQHandler
                0x0000051c                Reserved112_IRQHandler
                0x0000051c                TPM1_IRQHandler
                0x0000051c                Reserved113_IRQHandler
                0x00000520                NMI_Handler
                0x00000524                HardFault_Handler
                0x00000528                SVC_Handler
                0x0000052c                PendSV_Handler
                0x00000530                SysTick_Handler
                0x00000574                DMA_Error_IRQHandler
                0x00000578                I2C0_IRQHandler
                0x0000057c                I2C1_IRQHandler
                0x00000580                SPI0_IRQHandler
                0x00000584                SPI1_IRQHandler
                0x00000588                I2S0_Tx_IRQHandler
                0x0000058c                I2S0_Rx_IRQHandler
                0x00000590                LPUART0_IRQHandler
                0x00000594                LPUART1_IRQHandler
                0x00000598                LPUART2_IRQHandler
                0x0000059c                LPUART3_IRQHandler
                0x000005a0                LPUART4_IRQHandler
                0x000005a4                SPI2_IRQHandler
                0x000005a8                FLEXIO0_IRQHandler
                0x000005ac                I2C2_IRQHandler
                0x000005b0                SDHC_IRQHandler
                0x000005b4                I2C3_IRQHandler
                0x000005b8                QuadSPI0_IRQHandler
 .text          0x00000658      0x370 c:/freescale/kds_v3/toolchain/bin/../lib/gcc/arm-none-eabi/4.8.4/armv7e-m/fpu\libgcc.a(_arm_addsubdf3.o)
                0x00000658                __aeabi_drsub
                0x00000660                __aeabi_dsub
                0x00000660                __subdf3
                0x00000664                __aeabi_dadd
                0x00000664                __adddf3
                0x000008dc                __floatunsidf
                0x000008dc                __aeabi_ui2d
                0x000008fc                __floatsidf
                0x000008fc                __aeabi_i2d
                0x00000920                __aeabi_f2d
                0x00000920                __extendsfdf2
                0x0000095c                __floatundidf
                0x0000095c                __aeabi_ul2d
                0x0000096c                __floatdidf
                0x0000096c                __aeabi_l2d
 .text          0x000009c8      0x424 c:/freescale/kds_v3/toolchain/bin/../lib/gcc/arm-none-eabi/4.8.4/armv7e-m/fpu\libgcc.a(_arm_muldivdf3.o)
                0x000009c8                __aeabi_dmul
                0x000009c8                __muldf3
                0x00000c1c                __divdf3
                0x00000c1c                __aeabi_ddiv
 .text          0x00000dec      0x110 c:/freescale/kds_v3/toolchain/bin/../lib/gcc/arm-none-eabi/4.8.4/armv7e-m/fpu\libgcc.a(_arm_cmpdf2.o)
                0x00000dec                __gtdf2
                0x00000dec                __gedf2
                0x00000df4                __ltdf2
                0x00000df4                __ledf2
                0x00000dfc                __nedf2
                0x00000dfc                __eqdf2
                0x00000dfc                __cmpdf2
                0x00000e78                __aeabi_cdrcmple
                0x00000e88                __aeabi_cdcmpeq
                0x00000e88                __aeabi_cdcmple
                0x00000e98                __aeabi_dcmpeq
                0x00000eac                __aeabi_dcmplt
                0x00000ec0                __aeabi_dcmple
                0x00000ed4                __aeabi_dcmpge
                0x00000ee8                __aeabi_dcmpgt
 .text          0x00000efc       0x50 c:/freescale/kds_v3/toolchain/bin/../lib/gcc/arm-none-eabi/4.8.4/armv7e-m/fpu\libgcc.a(_arm_fixdfsi.o)
                0x00000efc                __aeabi_d2iz
                0x00000efc                __fixdfsi
 .text          0x00000f4c       0x38 c:/freescale/kds_v3/toolchain/bin/../lib/gcc/arm-none-eabi/4.8.4/armv7e-m/fpu\libgcc.a(_aeabi_ldivmod.o)
                0x00000f4c                __aeabi_ldivmod
 .text          0x00000f84       0x2c c:/freescale/kds_v3/toolchain/bin/../lib/gcc/arm-none-eabi/4.8.4/armv7e-m/fpu\libgcc.a(_aeabi_uldivmod.o)
                0x00000f84                __aeabi_uldivmod
 .text          0x00000fb0       0x30 c:/freescale/kds_v3/toolchain/bin/../lib/gcc/arm-none-eabi/4.8.4/armv7e-m/fpu\libgcc.a(_fixdfdi.o)
                0x00000fb0                __fixdfdi
                0x00000fb0                __aeabi_d2lz
 .text          0x00000fe0       0x44 c:/freescale/kds_v3/toolchain/bin/../lib/gcc/arm-none-eabi/4.8.4/armv7e-m/fpu\libgcc.a(_fixunsdfdi.o)
                0x00000fe0                __fixunsdfdi
                0x00000fe0                __aeabi_d2ulz
 .text          0x00001024       0x60 c:/freescale/kds_v3/toolchain/bin/../lib/gcc/arm-none-eabi/4.8.4/armv7e-m/fpu\libgcc.a(bpabi.o)
                0x00001024                __gnu_ldivmod_helper
                0x00001054                __gnu_uldivmod_helper
 .text          0x00001084        0x4 c:/freescale/kds_v3/toolchain/bin/../lib/gcc/arm-none-eabi/4.8.4/armv7e-m/fpu\libgcc.a(_dvmd_tls.o)
                0x00001084                __aeabi_idiv0
                0x00001084                __aeabi_ldiv0
 .text          0x00001088       0x40 c:/freescale/kds_v3/toolchain/bin/../lib/gcc/arm-none-eabi/4.8.4/armv7e-m/fpu\libgcc.a(_arm_fixunsdfsi.o)
                0x00001088                __aeabi_d2uiz
                0x00001088                __fixunsdfsi
 .text          0x000010c8      0x298 c:/freescale/kds_v3/toolchain/bin/../lib/gcc/arm-none-eabi/4.8.4/armv7e-m/fpu\libgcc.a(_divdi3.o)
                0x000010c8                __divdi3
 .text          0x00001360      0x284 c:/freescale/kds_v3/toolchain/bin/../lib/gcc/arm-none-eabi/4.8.4/armv7e-m/fpu\libgcc.a(_udivdi3.o)
                0x00001360                __udivdi3
 *(.text*)
 .text.LPUART_EnableTx
                0x000015e4       0x38 ./utilities/fsl_debug_console.o
 .text.LPUART_EnableRx
                0x0000161c       0x38 ./utilities/fsl_debug_console.o
 .text.DbgConsole_Init
                0x00001654       0x90 ./utilities/fsl_debug_console.o
                0x00001654                DbgConsole_Init
 .text.DbgConsole_Printf
                0x000016e4       0x40 ./utilities/fsl_debug_console.o
                0x000016e4                DbgConsole_Printf
 .text.DbgConsole_Putchar
                0x00001724       0x38 ./utilities/fsl_debug_console.o
                0x00001724                DbgConsole_Putchar
 .text.DbgConsole_Getchar
                0x0000175c       0x38 ./utilities/fsl_debug_console.o
                0x0000175c                DbgConsole_Getchar
 .text.DbgConsole_PrintfPaddingCharacter
                0x00001794       0x40 ./utilities/fsl_debug_console.o
 .text.DbgConsole_ConvertRadixNumToString
                0x000017d4      0x1d8 ./utilities/fsl_debug_console.o
 *fill*         0x000019ac        0x4 
 .text.DbgConsole_ConvertFloatRadixNumToString
                0x000019b0      0x2b8 ./utilities/fsl_debug_console.o
 .text.DbgConsole_PrintfFormattedData
                0x00001c68      0x8a0 ./utilities/fsl_debug_console.o
 .text._write   0x00002508       0x58 ./utilities/fsl_debug_console.o
                0x00002508                _write
 .text._read    0x00002560       0x44 ./utilities/fsl_debug_console.o
                0x00002560                _read
 .text._sbrk    0x000025a4       0x5c ./utilities/fsl_sbrk.o
                0x000025a4                _sbrk
 .text.SystemInit
                0x00002600       0x3c ./startup/system_MK82F25615.o
                0x00002600                SystemInit
 .text.GPIO_SetPinsOutput
                0x0000263c       0x1c ./source/NRF24L01.o
 .text.GPIO_ClearPinsOutput
                0x00002658       0x1c ./source/NRF24L01.o
 .text.NRF24P_SetupPins
                0x00002674       0x20 ./source/NRF24L01.o
                0x00002674                NRF24P_SetupPins
 .text.NRF24P_Init
                0x00002694       0x5c ./source/NRF24L01.o
                0x00002694                NRF24P_Init
 .text.NRF24P_WriteRegister
                0x000026f0       0x54 ./source/NRF24L01.o
                0x000026f0                NRF24P_WriteRegister
 .text.NRF24P_WriteRegisterArray
                0x00002744       0x64 ./source/NRF24L01.o
                0x00002744                NRF24P_WriteRegisterArray
 .text.NRF24P_ReadRegister
                0x000027a8       0x44 ./source/NRF24L01.o
                0x000027a8                NRF24P_ReadRegister
 .text.NRF24P_ReadRegisterArray
                0x000027ec       0x4c ./source/NRF24L01.o
                0x000027ec                NRF24P_ReadRegisterArray
 .text.NRF24P_SendCMD
                0x00002838       0x3c ./source/NRF24L01.o
                0x00002838                NRF24P_SendCMD
 .text.NRF24P_write_payload
                0x00002874       0x9c ./source/NRF24L01.o
                0x00002874                NRF24P_write_payload
 .text.NRF24P_read_payload
                0x00002910       0x98 ./source/NRF24L01.o
                0x00002910                NRF24P_read_payload
 .text.NRF24P_flush_tx
                0x000029a8       0x10 ./source/NRF24L01.o
                0x000029a8                NRF24P_flush_tx
 .text.NRF24P_GetStatus
                0x000029b8       0x30 ./source/NRF24L01.o
                0x000029b8                NRF24P_GetStatus
 .text.NRF24P_setChannel
                0x000029e8       0x28 ./source/NRF24L01.o
                0x000029e8                NRF24P_setChannel
 .text.NRF24P_startListening
                0x00002a10       0x6c ./source/NRF24L01.o
                0x00002a10                NRF24P_startListening
 .text.NRF24P_stopListening
                0x00002a7c       0x60 ./source/NRF24L01.o
                0x00002a7c                NRF24P_stopListening
 .text.NRF24P_writeM
                0x00002adc       0x64 ./source/NRF24L01.o
                0x00002adc                NRF24P_writeM
 .text.NRF24P_write
                0x00002b40       0x24 ./source/NRF24L01.o
                0x00002b40                NRF24P_write
 .text.NRF24P_startWrite
                0x00002b64       0x48 ./source/NRF24L01.o
                0x00002b64                NRF24P_startWrite
 .text.NRF24P_available
                0x00002bac       0x44 ./source/NRF24L01.o
                0x00002bac                NRF24P_available
 .text.NRF24P_read
                0x00002bf0       0x24 ./source/NRF24L01.o
                0x00002bf0                NRF24P_read
 .text.NRF24P_openWritingPipe
                0x00002c14       0x40 ./source/NRF24L01.o
                0x00002c14                NRF24P_openWritingPipe
 .text.NRF24P_openReadingPipe
                0x00002c54       0xa8 ./source/NRF24L01.o
                0x00002c54                NRF24P_openReadingPipe
 .text.NRF24P_closeReadingPipe
                0x00002cfc       0x40 ./source/NRF24L01.o
                0x00002cfc                NRF24P_closeReadingPipe
 .text.NRF24P_toggle_features
                0x00002d3c       0x20 ./source/NRF24L01.o
                0x00002d3c                NRF24P_toggle_features
 .text.NRF24P_writeAckPayload
                0x00002d5c       0x54 ./source/NRF24L01.o
                0x00002d5c                NRF24P_writeAckPayload
 .text.NRF24P_setDataRate
                0x00002db0       0x7c ./source/NRF24L01.o
                0x00002db0                NRF24P_setDataRate
 .text.NRF24P_setRetries
                0x00002e2c       0x30 ./source/NRF24L01.o
                0x00002e2c                NRF24P_setRetries
 .text.NRF24P_ClearINT
                0x00002e5c       0x28 ./source/NRF24L01.o
                0x00002e5c                NRF24P_ClearINT
 .text.NRF24P_print_status
                0x00002e84       0x70 ./source/NRF24L01.o
                0x00002e84                NRF24P_print_status
 .text.NRF24P_print_byte_register
                0x00002ef4       0x54 ./source/NRF24L01.o
                0x00002ef4                NRF24P_print_byte_register
 .text.NRF24P_print_address_register
                0x00002f48       0xc8 ./source/NRF24L01.o
                0x00002f48                NRF24P_print_address_register
 .text.NRF24P_printDetails
                0x00003010       0xa0 ./source/NRF24L01.o
                0x00003010                NRF24P_printDetails
 .text.SPI_Initialize
                0x000030b0       0x70 ./source/SPI.o
                0x000030b0                SPI_Initialize
 .text.SPI_Write
                0x00003120       0x18 ./source/SPI.o
                0x00003120                SPI_Write
 .text.SPI_Read
                0x00003138       0x10 ./source/SPI.o
                0x00003138                SPI_Read
 .text.delay_ms
                0x00003148       0x74 ./source/Utilities.o
                0x00003148                delay_ms
 .text.millis   0x000031bc       0x10 ./source/Utilities.o
                0x000031bc                millis
 .text.ADC16_EnableHardwareTrigger
                0x000031cc       0x38 ./source/main.o
 .text.ADC16_GetChannelConversionValue
                0x00003204       0x3c ./source/main.o
 .text.main     0x00003240      0x22c ./source/main.o
                0x00003240                main
 .text.ADCConfiguration
                0x0000346c       0x68 ./source/main.o
                0x0000346c                ADCConfiguration
 .text.CLOCK_EnableClock
                0x000034d4       0x34 ./drivers/fsl_adc16.o
 .text.ADC16_GetInstance
                0x00003508       0x50 ./drivers/fsl_adc16.o
 .text.ADC16_Init
                0x00003558      0x114 ./drivers/fsl_adc16.o
                0x00003558                ADC16_Init
 .text.ADC16_GetDefaultConfig
                0x0000366c       0x64 ./drivers/fsl_adc16.o
                0x0000366c                ADC16_GetDefaultConfig
 .text.ADC16_DoAutoCalibration
                0x000036d0      0x104 ./drivers/fsl_adc16.o
                0x000036d0                ADC16_DoAutoCalibration
 .text.ADC16_GetStatusFlags
                0x000037d4       0x44 ./drivers/fsl_adc16.o
                0x000037d4                ADC16_GetStatusFlags
 .text.ADC16_SetChannelConfig
                0x00003818       0x80 ./drivers/fsl_adc16.o
                0x00003818                ADC16_SetChannelConfig
 .text.ADC16_GetChannelStatusFlags
                0x00003898       0x50 ./drivers/fsl_adc16.o
                0x00003898                ADC16_GetChannelStatusFlags
 .text.CLOCK_SetEr32kClock
                0x000038e8       0x2c ./drivers/fsl_clock.o
 .text.CLOCK_SetPllFllSelClock
                0x00003914       0x58 ./drivers/fsl_clock.o
 .text.OSC_SetExtRefClkConfig
                0x0000396c       0x40 ./drivers/fsl_clock.o
 .text.OSC_SetCapLoad
                0x000039ac       0x34 ./drivers/fsl_clock.o
 .text.CLOCK_GetMcgExtClkFreq
                0x000039e0       0x8c ./drivers/fsl_clock.o
 .text.CLOCK_GetFllExtRefClkFreq
                0x00003a6c       0xc8 ./drivers/fsl_clock.o
 .text.CLOCK_GetInternalRefClkSelectFreq
                0x00003b34       0x44 ./drivers/fsl_clock.o
 .text.CLOCK_GetFllRefClkFreq
                0x00003b78       0x2c ./drivers/fsl_clock.o
 .text.CLOCK_GetPll0RefFreq
                0x00003ba4       0x10 ./drivers/fsl_clock.o
 .text.CLOCK_GetOscRangeFromFreq
                0x00003bb4       0x3c ./drivers/fsl_clock.o
 .text.CLOCK_GetOsc0ErClkUndivFreq
                0x00003bf0       0x48 ./drivers/fsl_clock.o
                0x00003bf0                CLOCK_GetOsc0ErClkUndivFreq
 .text.CLOCK_GetOsc0ErClkDivFreq
                0x00003c38       0x58 ./drivers/fsl_clock.o
                0x00003c38                CLOCK_GetOsc0ErClkDivFreq
 .text.CLOCK_GetEr32kClkFreq
                0x00003c90       0x80 ./drivers/fsl_clock.o
                0x00003c90                CLOCK_GetEr32kClkFreq
 .text.CLOCK_GetPllFllSelClkFreq
                0x00003d10       0x84 ./drivers/fsl_clock.o
                0x00003d10                CLOCK_GetPllFllSelClkFreq
 .text.CLOCK_GetOsc0ErClkFreq
                0x00003d94       0x10 ./drivers/fsl_clock.o
                0x00003d94                CLOCK_GetOsc0ErClkFreq
 .text.CLOCK_GetFreq
                0x00003da4      0x14c ./drivers/fsl_clock.o
                0x00003da4                CLOCK_GetFreq
 .text.CLOCK_SetSimConfig
                0x00003ef0       0x44 ./drivers/fsl_clock.o
                0x00003ef0                CLOCK_SetSimConfig
 .text.CLOCK_GetOutClkFreq
                0x00003f34       0x64 ./drivers/fsl_clock.o
                0x00003f34                CLOCK_GetOutClkFreq
 .text.CLOCK_GetFllFreq
                0x00003f98       0x74 ./drivers/fsl_clock.o
                0x00003f98                CLOCK_GetFllFreq
 .text.CLOCK_GetInternalRefClkFreq
                0x0000400c       0x24 ./drivers/fsl_clock.o
                0x0000400c                CLOCK_GetInternalRefClkFreq
 .text.CLOCK_GetFixedFreqClkFreq
                0x00004030       0x30 ./drivers/fsl_clock.o
                0x00004030                CLOCK_GetFixedFreqClkFreq
 .text.CLOCK_GetPll0Freq
                0x00004060       0x5c ./drivers/fsl_clock.o
                0x00004060                CLOCK_GetPll0Freq
 .text.CLOCK_SetExternalRefClkConfig
                0x000040bc       0x90 ./drivers/fsl_clock.o
                0x000040bc                CLOCK_SetExternalRefClkConfig
 .text.CLOCK_SetInternalRefClkConfig
                0x0000414c      0x104 ./drivers/fsl_clock.o
                0x0000414c                CLOCK_SetInternalRefClkConfig
 .text.CLOCK_EnablePll0
                0x00004250       0x94 ./drivers/fsl_clock.o
                0x00004250                CLOCK_EnablePll0
 .text.CLOCK_InitOsc0
                0x000042e4       0x8c ./drivers/fsl_clock.o
                0x000042e4                CLOCK_InitOsc0
 .text.CLOCK_SetPbeMode
                0x00004370       0x98 ./drivers/fsl_clock.o
                0x00004370                CLOCK_SetPbeMode
 .text.CLOCK_BootToPeeMode
                0x00004408       0x74 ./drivers/fsl_clock.o
                0x00004408                CLOCK_BootToPeeMode
 .text.__assert_func
                0x0000447c       0x28 ./drivers/fsl_common.o
                0x0000447c                __assert_func
 .text.CLOCK_EnableClock
                0x000044a4       0x34 ./drivers/fsl_dspi.o
 .text.DSPI_Enable
                0x000044d8       0x38 ./drivers/fsl_dspi.o
 .text.DSPI_SetMasterSlaveMode
                0x00004510       0x28 ./drivers/fsl_dspi.o
 .text.DSPI_IsMaster
                0x00004538       0x1c ./drivers/fsl_dspi.o
 .text.DSPI_StartTransfer
                0x00004554       0x20 ./drivers/fsl_dspi.o
 .text.DSPI_StopTransfer
                0x00004574       0x20 ./drivers/fsl_dspi.o
 .text.DSPI_GetInstance
                0x00004594       0x58 ./drivers/fsl_dspi.o
                0x00004594                DSPI_GetInstance
 .text.DSPI_MasterInit
                0x000045ec      0x16c ./drivers/fsl_dspi.o
                0x000045ec                DSPI_MasterInit
 .text.DSPI_SetOnePcsPolarity
                0x00004758       0x4c ./drivers/fsl_dspi.o
 .text.DSPI_MasterSetBaudRate
                0x000047a4      0x120 ./drivers/fsl_dspi.o
                0x000047a4                DSPI_MasterSetBaudRate
 .text.DSPI_MasterSetDelayScaler
                0x000048c4       0xd0 ./drivers/fsl_dspi.o
                0x000048c4                DSPI_MasterSetDelayScaler
 .text.DSPI_MasterSetDelayTimes
                0x00004994      0x12c ./drivers/fsl_dspi.o
                0x00004994                DSPI_MasterSetDelayTimes
 .text.DSPI_CommonIRQHandler
                0x00004ac0       0x3c ./drivers/fsl_dspi.o
 .text.SPI0_DriverIRQHandler
                0x00004afc       0x3c ./drivers/fsl_dspi.o
                0x00004afc                SPI0_DriverIRQHandler
 .text.SPI1_DriverIRQHandler
                0x00004b38       0x3c ./drivers/fsl_dspi.o
                0x00004b38                SPI1_DriverIRQHandler
 .text.SPI2_DriverIRQHandler
                0x00004b74       0x3c ./drivers/fsl_dspi.o
                0x00004b74                SPI2_DriverIRQHandler
 .text.EDMA_GetChannelStatusFlags
                0x00004bb0       0x84 ./drivers/fsl_edma.o
                0x00004bb0                EDMA_GetChannelStatusFlags
 .text.EDMA_HandleIRQ
                0x00004c34      0x154 ./drivers/fsl_edma.o
                0x00004c34                EDMA_HandleIRQ
 .text.DMA0_DMA16_IRQHandler
                0x00004d88       0x48 ./drivers/fsl_edma.o
                0x00004d88                DMA0_DMA16_IRQHandler
 .text.DMA1_DMA17_IRQHandler
                0x00004dd0       0x48 ./drivers/fsl_edma.o
                0x00004dd0                DMA1_DMA17_IRQHandler
 .text.DMA2_DMA18_IRQHandler
                0x00004e18       0x48 ./drivers/fsl_edma.o
                0x00004e18                DMA2_DMA18_IRQHandler
 .text.DMA3_DMA19_IRQHandler
                0x00004e60       0x48 ./drivers/fsl_edma.o
                0x00004e60                DMA3_DMA19_IRQHandler
 .text.DMA4_DMA20_IRQHandler
                0x00004ea8       0x48 ./drivers/fsl_edma.o
                0x00004ea8                DMA4_DMA20_IRQHandler
 .text.DMA5_DMA21_IRQHandler
                0x00004ef0       0x48 ./drivers/fsl_edma.o
                0x00004ef0                DMA5_DMA21_IRQHandler
 .text.DMA6_DMA22_IRQHandler
                0x00004f38       0x48 ./drivers/fsl_edma.o
                0x00004f38                DMA6_DMA22_IRQHandler
 .text.DMA7_DMA23_IRQHandler
                0x00004f80       0x48 ./drivers/fsl_edma.o
                0x00004f80                DMA7_DMA23_IRQHandler
 .text.DMA8_DMA24_IRQHandler
                0x00004fc8       0x48 ./drivers/fsl_edma.o
                0x00004fc8                DMA8_DMA24_IRQHandler
 .text.DMA9_DMA25_IRQHandler
                0x00005010       0x48 ./drivers/fsl_edma.o
                0x00005010                DMA9_DMA25_IRQHandler
 .text.DMA10_DMA26_IRQHandler
                0x00005058       0x48 ./drivers/fsl_edma.o
                0x00005058                DMA10_DMA26_IRQHandler
 .text.DMA11_DMA27_IRQHandler
                0x000050a0       0x48 ./drivers/fsl_edma.o
                0x000050a0                DMA11_DMA27_IRQHandler
 .text.DMA12_DMA28_IRQHandler
                0x000050e8       0x48 ./drivers/fsl_edma.o
                0x000050e8                DMA12_DMA28_IRQHandler
 .text.DMA13_DMA29_IRQHandler
                0x00005130       0x48 ./drivers/fsl_edma.o
                0x00005130                DMA13_DMA29_IRQHandler
 .text.DMA14_DMA30_IRQHandler
                0x00005178       0x48 ./drivers/fsl_edma.o
                0x00005178                DMA14_DMA30_IRQHandler
 .text.DMA15_DMA31_IRQHandler
                0x000051c0       0x48 ./drivers/fsl_edma.o
                0x000051c0                DMA15_DMA31_IRQHandler
 .text.FLEXIO_CommonIRQHandler
                0x00005208       0x54 ./drivers/fsl_flexio.o
                0x00005208                FLEXIO_CommonIRQHandler
 .text.FLEXIO0_DriverIRQHandler
                0x0000525c        0xc ./drivers/fsl_flexio.o
                0x0000525c                FLEXIO0_DriverIRQHandler
 .text.I2C_TransferCommonIRQHandler
                0x00005268       0x4c ./drivers/fsl_i2c.o
 .text.I2C0_DriverIRQHandler
                0x000052b4       0x1c ./drivers/fsl_i2c.o
                0x000052b4                I2C0_DriverIRQHandler
 .text.I2C1_DriverIRQHandler
                0x000052d0       0x1c ./drivers/fsl_i2c.o
                0x000052d0                I2C1_DriverIRQHandler
 .text.I2C2_DriverIRQHandler
                0x000052ec       0x1c ./drivers/fsl_i2c.o
                0x000052ec                I2C2_DriverIRQHandler
 .text.I2C3_DriverIRQHandler
                0x00005308       0x1c ./drivers/fsl_i2c.o
                0x00005308                I2C3_DriverIRQHandler
 .text.CLOCK_EnableClock
                0x00005324       0x34 ./drivers/fsl_lpuart.o
 .text.LPUART_GetInstance
                0x00005358       0x58 ./drivers/fsl_lpuart.o
                0x00005358                LPUART_GetInstance
 .text.LPUART_Init
                0x000053b0      0x2e8 ./drivers/fsl_lpuart.o
                0x000053b0                LPUART_Init
 .text.LPUART_GetDefaultConfig
                0x00005698       0x5c ./drivers/fsl_lpuart.o
                0x00005698                LPUART_GetDefaultConfig
 .text.LPUART_GetStatusFlags
                0x000056f4       0x2c ./drivers/fsl_lpuart.o
                0x000056f4                LPUART_GetStatusFlags
 .text.LPUART_ClearStatusFlags
                0x00005720       0x94 ./drivers/fsl_lpuart.o
                0x00005720                LPUART_ClearStatusFlags
 .text.LPUART_WriteBlocking
                0x000057b4       0x40 ./drivers/fsl_lpuart.o
                0x000057b4                LPUART_WriteBlocking
 .text.LPUART_ReadBlocking
                0x000057f4       0xac ./drivers/fsl_lpuart.o
                0x000057f4                LPUART_ReadBlocking
 .text.LPUART0_DriverIRQHandler
                0x000058a0       0x20 ./drivers/fsl_lpuart.o
                0x000058a0                LPUART0_DriverIRQHandler
 .text.LPUART1_DriverIRQHandler
                0x000058c0       0x20 ./drivers/fsl_lpuart.o
                0x000058c0                LPUART1_DriverIRQHandler
 .text.LPUART2_DriverIRQHandler
                0x000058e0       0x20 ./drivers/fsl_lpuart.o
                0x000058e0                LPUART2_DriverIRQHandler
 .text.LPUART3_DriverIRQHandler
                0x00005900       0x20 ./drivers/fsl_lpuart.o
                0x00005900                LPUART3_DriverIRQHandler
 .text.LPUART4_DriverIRQHandler
                0x00005920       0x20 ./drivers/fsl_lpuart.o
                0x00005920                LPUART4_DriverIRQHandler
 .text.SAI_TxClearStatusFlags
                0x00005940       0x24 ./drivers/fsl_sai.o
 .text.SAI_RxClearStatusFlags
                0x00005964       0x28 ./drivers/fsl_sai.o
 .text.SAI_TxDisableInterrupts
                0x0000598c       0x28 ./drivers/fsl_sai.o
 .text.SAI_RxDisableInterrupts
                0x000059b4       0x2c ./drivers/fsl_sai.o
 .text.SAI_WriteNonBlocking
                0x000059e0       0x94 ./drivers/fsl_sai.o
 .text.SAI_ReadNonBlocking
                0x00005a74       0x7c ./drivers/fsl_sai.o
 .text.SAI_TxEnable
                0x00005af0       0x64 ./drivers/fsl_sai.o
                0x00005af0                SAI_TxEnable
 .text.SAI_RxEnable
                0x00005b54       0x6c ./drivers/fsl_sai.o
                0x00005b54                SAI_RxEnable
 .text.SAI_TransferAbortSend
                0x00005bc0       0x68 ./drivers/fsl_sai.o
                0x00005bc0                SAI_TransferAbortSend
 .text.SAI_TransferAbortReceive
                0x00005c28       0x68 ./drivers/fsl_sai.o
                0x00005c28                SAI_TransferAbortReceive
 .text.SAI_TransferTxHandleIRQ
                0x00005c90      0x1c4 ./drivers/fsl_sai.o
                0x00005c90                SAI_TransferTxHandleIRQ
 .text.SAI_TransferRxHandleIRQ
                0x00005e54      0x1c0 ./drivers/fsl_sai.o
                0x00005e54                SAI_TransferRxHandleIRQ
 .text.I2S0_Tx_DriverIRQHandler
                0x00006014       0x3c ./drivers/fsl_sai.o
                0x00006014                I2S0_Tx_DriverIRQHandler
 .text.I2S0_Rx_DriverIRQHandler
                0x00006050       0x3c ./drivers/fsl_sai.o
                0x00006050                I2S0_Rx_DriverIRQHandler
 .text.SDHC_GetInterruptStatusFlags
                0x0000608c       0x18 ./drivers/fsl_sdhc.o
 .text.SDHC_ClearInterruptStatusFlags
                0x000060a4       0x1c ./drivers/fsl_sdhc.o
 .text.SDHC_GetCommandResponse
                0x000060c0       0x3c ./drivers/fsl_sdhc.o
 .text.SDHC_WriteData
                0x000060fc       0x1c ./drivers/fsl_sdhc.o
 .text.SDHC_ReadData
                0x00006118       0x18 ./drivers/fsl_sdhc.o
 .text.SDHC_ReceiveCommandResponse
                0x00006130       0xd8 ./drivers/fsl_sdhc.o
 .text.SDHC_ReadDataPort
                0x00006208       0xac ./drivers/fsl_sdhc.o
 .text.SDHC_WriteDataPort
                0x000062b4       0xb0 ./drivers/fsl_sdhc.o
 .text.SDHC_TransferHandleCardDetect
                0x00006364       0x5c ./drivers/fsl_sdhc.o
 .text.SDHC_TransferHandleCommand
                0x000063c0       0x94 ./drivers/fsl_sdhc.o
 .text.SDHC_TransferHandleData
                0x00006454       0xf8 ./drivers/fsl_sdhc.o
 .text.SDHC_TransferHandleSdioInterrupt
                0x0000654c       0x1c ./drivers/fsl_sdhc.o
 .text.SDHC_TransferHandleSdioBlockGap
                0x00006568       0x1c ./drivers/fsl_sdhc.o
 .text.SDHC_TransferHandleIRQ
                0x00006584       0xbc ./drivers/fsl_sdhc.o
                0x00006584                SDHC_TransferHandleIRQ
 .text.SDHC_DriverIRQHandler
                0x00006640       0x3c ./drivers/fsl_sdhc.o
                0x00006640                SDHC_DriverIRQHandler
 .text.CLOCK_SetLpuartClock
                0x0000667c       0x38 ./board/board.o
 .text.BOARD_InitDebugConsole
                0x000066b4       0x2c ./board/board.o
                0x000066b4                BOARD_InitDebugConsole
 .text.CLOCK_SetXtal0Freq
                0x000066e0       0x1c ./board/clock_config.o
 .text.CLOCK_SetSimSafeDivs
                0x000066fc       0x20 ./board/clock_config.o
 .text.BOARD_BootClockRUN
                0x0000671c       0x58 ./board/clock_config.o
                0x0000671c                BOARD_BootClockRUN
 .text.CLOCK_EnableClock
                0x00006774       0x34 ./board/pin_mux.o
 .text.PORT_SetPinMux
                0x000067a8       0x38 ./board/pin_mux.o
 .text.BOARD_InitPins
                0x000067e0       0x28 ./board/pin_mux.o
                0x000067e0                BOARD_InitPins
 .text.modf     0x00006808       0xa4 c:/freescale/kds_v3/toolchain/bin/../lib/gcc/arm-none-eabi/4.8.4/../../../../arm-none-eabi/lib/armv7e-m/fpu\libm.a(lib_a-s_modf.o)
                0x00006808                modf
 .text.pow      0x000068ac      0x340 c:/freescale/kds_v3/toolchain/bin/../lib/gcc/arm-none-eabi/4.8.4/../../../../arm-none-eabi/lib/armv7e-m/fpu\libm.a(lib_a-w_pow.o)
                0x000068ac                pow
 *fill*         0x00006bec        0x4 
 .text.__ieee754_pow
                0x00006bf0      0xae8 c:/freescale/kds_v3/toolchain/bin/../lib/gcc/arm-none-eabi/4.8.4/../../../../arm-none-eabi/lib/armv7e-m/fpu\libm.a(lib_a-e_pow.o)
                0x00006bf0                __ieee754_pow
 .text.__ieee754_sqrt
                0x000076d8      0x198 c:/freescale/kds_v3/toolchain/bin/../lib/gcc/arm-none-eabi/4.8.4/../../../../arm-none-eabi/lib/armv7e-m/fpu\libm.a(lib_a-e_sqrt.o)
                0x000076d8                __ieee754_sqrt
 .text.fabs     0x00007870       0x14 c:/freescale/kds_v3/toolchain/bin/../lib/gcc/arm-none-eabi/4.8.4/../../../../arm-none-eabi/lib/armv7e-m/fpu\libm.a(lib_a-s_fabs.o)
                0x00007870                fabs
 .text.finite   0x00007884       0x10 c:/freescale/kds_v3/toolchain/bin/../lib/gcc/arm-none-eabi/4.8.4/../../../../arm-none-eabi/lib/armv7e-m/fpu\libm.a(lib_a-s_finite.o)
                0x00007884                finite
 .text.__fpclassifyd
                0x00007894       0x54 c:/freescale/kds_v3/toolchain/bin/../lib/gcc/arm-none-eabi/4.8.4/../../../../arm-none-eabi/lib/armv7e-m/fpu\libm.a(lib_a-s_fpclassify.o)
                0x00007894                __fpclassifyd
 .text.matherr  0x000078e8        0x4 c:/freescale/kds_v3/toolchain/bin/../lib/gcc/arm-none-eabi/4.8.4/../../../../arm-none-eabi/lib/armv7e-m/fpu\libm.a(lib_a-s_matherr.o)
                0x000078e8                matherr
 *fill*         0x000078ec        0x4 
 .text.nan      0x000078f0       0x10 c:/freescale/kds_v3/toolchain/bin/../lib/gcc/arm-none-eabi/4.8.4/../../../../arm-none-eabi/lib/armv7e-m/fpu\libm.a(lib_a-s_nan.o)
                0x000078f0                nan
 .text.rint     0x00007900      0x120 c:/freescale/kds_v3/toolchain/bin/../lib/gcc/arm-none-eabi/4.8.4/../../../../arm-none-eabi/lib/armv7e-m/fpu\libm.a(lib_a-s_rint.o)
                0x00007900                rint
 .text.scalbn   0x00007a20      0x120 c:/freescale/kds_v3/toolchain/bin/../lib/gcc/arm-none-eabi/4.8.4/../../../../arm-none-eabi/lib/armv7e-m/fpu\libm.a(lib_a-s_scalbn.o)
                0x00007a20                scalbn
 .text.copysign
                0x00007b40       0x24 c:/freescale/kds_v3/toolchain/bin/../lib/gcc/arm-none-eabi/4.8.4/../../../../arm-none-eabi/lib/armv7e-m/fpu\libm.a(lib_a-s_copysign.o)
                0x00007b40                copysign
 .text.__errno  0x00007b64        0xc c:/freescale/kds_v3/toolchain/bin/../lib/gcc/arm-none-eabi/4.8.4/../../../../arm-none-eabi/lib/armv7e-m/fpu\libg_s.a(lib_a-errno.o)
                0x00007b64                __errno
 .text.exit     0x00007b70       0x28 c:/freescale/kds_v3/toolchain/bin/../lib/gcc/arm-none-eabi/4.8.4/../../../../arm-none-eabi/lib/armv7e-m/fpu\libg_s.a(lib_a-exit.o)
                0x00007b70                exit
 .text.__libc_init_array
                0x00007b98       0x4c c:/freescale/kds_v3/toolchain/bin/../lib/gcc/arm-none-eabi/4.8.4/../../../../arm-none-eabi/lib/armv7e-m/fpu\libg_s.a(lib_a-init.o)
                0x00007b98                __libc_init_array
 .text.memcpy   0x00007be4       0x12 c:/freescale/kds_v3/toolchain/bin/../lib/gcc/arm-none-eabi/4.8.4/../../../../arm-none-eabi/lib/armv7e-m/fpu\libg_s.a(lib_a-memcpy-stub.o)
                0x00007be4                memcpy
 .text.memset   0x00007bf6       0x10 c:/freescale/kds_v3/toolchain/bin/../lib/gcc/arm-none-eabi/4.8.4/../../../../arm-none-eabi/lib/armv7e-m/fpu\libg_s.a(lib_a-memset.o)
                0x00007bf6                memset
 *fill*         0x00007c06        0x2 
 .text.printf   0x00007c08       0x30 c:/freescale/kds_v3/toolchain/bin/../lib/gcc/arm-none-eabi/4.8.4/../../../../arm-none-eabi/lib/armv7e-m/fpu\libg_s.a(lib_a-printf.o)
                0x00007c08                iprintf
                0x00007c08                printf
 .text._puts_r  0x00007c38       0xc0 c:/freescale/kds_v3/toolchain/bin/../lib/gcc/arm-none-eabi/4.8.4/../../../../arm-none-eabi/lib/armv7e-m/fpu\libg_s.a(lib_a-puts.o)
                0x00007c38                _puts_r
 .text.puts     0x00007cf8       0x10 c:/freescale/kds_v3/toolchain/bin/../lib/gcc/arm-none-eabi/4.8.4/../../../../arm-none-eabi/lib/armv7e-m/fpu\libg_s.a(lib_a-puts.o)
                0x00007cf8                puts
 .text.strlen   0x00007d08       0x10 c:/freescale/kds_v3/toolchain/bin/../lib/gcc/arm-none-eabi/4.8.4/../../../../arm-none-eabi/lib/armv7e-m/fpu\libg_s.a(lib_a-strlen.o)
                0x00007d08                strlen
 .text.__sfputc_r
                0x00007d18       0x2c c:/freescale/kds_v3/toolchain/bin/../lib/gcc/arm-none-eabi/4.8.4/../../../../arm-none-eabi/lib/armv7e-m/fpu\libg_s.a(lib_a-vfprintf.o)
 .text.__sfputs_r
                0x00007d44       0x24 c:/freescale/kds_v3/toolchain/bin/../lib/gcc/arm-none-eabi/4.8.4/../../../../arm-none-eabi/lib/armv7e-m/fpu\libg_s.a(lib_a-vfprintf.o)
                0x00007d44                __sfputs_r
 .text._vfprintf_r
                0x00007d68      0x208 c:/freescale/kds_v3/toolchain/bin/../lib/gcc/arm-none-eabi/4.8.4/../../../../arm-none-eabi/lib/armv7e-m/fpu\libg_s.a(lib_a-vfprintf.o)
                0x00007d68                _vfprintf_r
                0x00007d68                _vfiprintf_r
 .text._printf_common
                0x00007f70       0xe4 c:/freescale/kds_v3/toolchain/bin/../lib/gcc/arm-none-eabi/4.8.4/../../../../arm-none-eabi/lib/armv7e-m/fpu\libg_s.a(lib_a-vfprintf_i.o)
                0x00007f70                _printf_common
 .text._printf_i
                0x00008054      0x228 c:/freescale/kds_v3/toolchain/bin/../lib/gcc/arm-none-eabi/4.8.4/../../../../arm-none-eabi/lib/armv7e-m/fpu\libg_s.a(lib_a-vfprintf_i.o)
                0x00008054                _printf_i
 .text.__swbuf_r
                0x0000827c       0xa8 c:/freescale/kds_v3/toolchain/bin/../lib/gcc/arm-none-eabi/4.8.4/../../../../arm-none-eabi/lib/armv7e-m/fpu\libg_s.a(lib_a-wbuf.o)
                0x0000827c                __swbuf_r
 .text.__swsetup_r
                0x00008324       0xdc c:/freescale/kds_v3/toolchain/bin/../lib/gcc/arm-none-eabi/4.8.4/../../../../arm-none-eabi/lib/armv7e-m/fpu\libg_s.a(lib_a-wsetup.o)
                0x00008324                __swsetup_r
 .text.__sflush_r
                0x00008400      0x106 c:/freescale/kds_v3/toolchain/bin/../lib/gcc/arm-none-eabi/4.8.4/../../../../arm-none-eabi/lib/armv7e-m/fpu\libg_s.a(lib_a-fflush.o)
                0x00008400                __sflush_r
 *fill*         0x00008506        0x2 
 .text._fflush_r
                0x00008508       0x54 c:/freescale/kds_v3/toolchain/bin/../lib/gcc/arm-none-eabi/4.8.4/../../../../arm-none-eabi/lib/armv7e-m/fpu\libg_s.a(lib_a-fflush.o)
                0x00008508                _fflush_r
 .text._cleanup_r
                0x0000855c       0x32 c:/freescale/kds_v3/toolchain/bin/../lib/gcc/arm-none-eabi/4.8.4/../../../../arm-none-eabi/lib/armv7e-m/fpu\libg_s.a(lib_a-findfp.o)
                0x0000855c                _cleanup_r
 *fill*         0x0000858e        0x2 
 .text.std.isra.0
                0x00008590       0x48 c:/freescale/kds_v3/toolchain/bin/../lib/gcc/arm-none-eabi/4.8.4/../../../../arm-none-eabi/lib/armv7e-m/fpu\libg_s.a(lib_a-findfp.o)
 .text.__sfmoreglue
                0x000085d8       0x2c c:/freescale/kds_v3/toolchain/bin/../lib/gcc/arm-none-eabi/4.8.4/../../../../arm-none-eabi/lib/armv7e-m/fpu\libg_s.a(lib_a-findfp.o)
                0x000085d8                __sfmoreglue
 .text.__sinit  0x00008604       0x60 c:/freescale/kds_v3/toolchain/bin/../lib/gcc/arm-none-eabi/4.8.4/../../../../arm-none-eabi/lib/armv7e-m/fpu\libg_s.a(lib_a-findfp.o)
                0x00008604                __sinit
 .text.__sfp    0x00008664       0x74 c:/freescale/kds_v3/toolchain/bin/../lib/gcc/arm-none-eabi/4.8.4/../../../../arm-none-eabi/lib/armv7e-m/fpu\libg_s.a(lib_a-findfp.o)
                0x00008664                __sfp
 .text.__smakebuf_r
                0x000086d8       0x9c c:/freescale/kds_v3/toolchain/bin/../lib/gcc/arm-none-eabi/4.8.4/../../../../arm-none-eabi/lib/armv7e-m/fpu\libg_s.a(lib_a-makebuf.o)
                0x000086d8                __smakebuf_r
 .text.memchr   0x00008774       0x1e c:/freescale/kds_v3/toolchain/bin/../lib/gcc/arm-none-eabi/4.8.4/../../../../arm-none-eabi/lib/armv7e-m/fpu\libg_s.a(lib_a-memchr-stub.o)
                0x00008774                memchr
 *fill*         0x00008792        0x2 
 .text._free_r  0x00008794       0x88 c:/freescale/kds_v3/toolchain/bin/../lib/gcc/arm-none-eabi/4.8.4/../../../../arm-none-eabi/lib/armv7e-m/fpu\libg_s.a(lib_a-nano-freer.o)
                0x00008794                _free_r
 .text._malloc_r
                0x0000881c       0xa8 c:/freescale/kds_v3/toolchain/bin/../lib/gcc/arm-none-eabi/4.8.4/../../../../arm-none-eabi/lib/armv7e-m/fpu\libg_s.a(lib_a-nano-mallocr.o)
                0x0000881c                _malloc_r
 .text._sbrk_r  0x000088c4       0x20 c:/freescale/kds_v3/toolchain/bin/../lib/gcc/arm-none-eabi/4.8.4/../../../../arm-none-eabi/lib/armv7e-m/fpu\libg_s.a(lib_a-sbrkr.o)
                0x000088c4                _sbrk_r
 .text.__sread  0x000088e4       0x22 c:/freescale/kds_v3/toolchain/bin/../lib/gcc/arm-none-eabi/4.8.4/../../../../arm-none-eabi/lib/armv7e-m/fpu\libg_s.a(lib_a-stdio.o)
                0x000088e4                __sread
 .text.__swrite
                0x00008906       0x38 c:/freescale/kds_v3/toolchain/bin/../lib/gcc/arm-none-eabi/4.8.4/../../../../arm-none-eabi/lib/armv7e-m/fpu\libg_s.a(lib_a-stdio.o)
                0x00008906                __swrite
 .text.__sseek  0x0000893e       0x24 c:/freescale/kds_v3/toolchain/bin/../lib/gcc/arm-none-eabi/4.8.4/../../../../arm-none-eabi/lib/armv7e-m/fpu\libg_s.a(lib_a-stdio.o)
                0x0000893e                __sseek
 .text.__sclose
                0x00008962        0x8 c:/freescale/kds_v3/toolchain/bin/../lib/gcc/arm-none-eabi/4.8.4/../../../../arm-none-eabi/lib/armv7e-m/fpu\libg_s.a(lib_a-stdio.o)
                0x00008962                __sclose
 *fill*         0x0000896a        0x2 
 .text._write_r
                0x0000896c       0x24 c:/freescale/kds_v3/toolchain/bin/../lib/gcc/arm-none-eabi/4.8.4/../../../../arm-none-eabi/lib/armv7e-m/fpu\libg_s.a(lib_a-writer.o)
                0x0000896c                _write_r
 .text._close_r
                0x00008990       0x20 c:/freescale/kds_v3/toolchain/bin/../lib/gcc/arm-none-eabi/4.8.4/../../../../arm-none-eabi/lib/armv7e-m/fpu\libg_s.a(lib_a-closer.o)
                0x00008990                _close_r
 .text._fstat_r
                0x000089b0       0x24 c:/freescale/kds_v3/toolchain/bin/../lib/gcc/arm-none-eabi/4.8.4/../../../../arm-none-eabi/lib/armv7e-m/fpu\libg_s.a(lib_a-fstatr.o)
                0x000089b0                _fstat_r
 .text._isatty_r
                0x000089d4       0x20 c:/freescale/kds_v3/toolchain/bin/../lib/gcc/arm-none-eabi/4.8.4/../../../../arm-none-eabi/lib/armv7e-m/fpu\libg_s.a(lib_a-isattyr.o)
                0x000089d4                _isatty_r
 .text._lseek_r
                0x000089f4       0x24 c:/freescale/kds_v3/toolchain/bin/../lib/gcc/arm-none-eabi/4.8.4/../../../../arm-none-eabi/lib/armv7e-m/fpu\libg_s.a(lib_a-lseekr.o)
                0x000089f4                _lseek_r
 .text._read_r  0x00008a18       0x24 c:/freescale/kds_v3/toolchain/bin/../lib/gcc/arm-none-eabi/4.8.4/../../../../arm-none-eabi/lib/armv7e-m/fpu\libg_s.a(lib_a-readr.o)
                0x00008a18                _read_r
 .text._close   0x00008a3c       0x10 c:/freescale/kds_v3/toolchain/bin/../lib/gcc/arm-none-eabi/4.8.4/../../../../arm-none-eabi/lib/armv7e-m/fpu\libnosys.a(close.o)
                0x00008a3c                _close
 .text._fstat   0x00008a4c       0x10 c:/freescale/kds_v3/toolchain/bin/../lib/gcc/arm-none-eabi/4.8.4/../../../../arm-none-eabi/lib/armv7e-m/fpu\libnosys.a(fstat.o)
                0x00008a4c                _fstat
 .text._isatty  0x00008a5c       0x10 c:/freescale/kds_v3/toolchain/bin/../lib/gcc/arm-none-eabi/4.8.4/../../../../arm-none-eabi/lib/armv7e-m/fpu\libnosys.a(isatty.o)
                0x00008a5c                _isatty
 .text._lseek   0x00008a6c       0x10 c:/freescale/kds_v3/toolchain/bin/../lib/gcc/arm-none-eabi/4.8.4/../../../../arm-none-eabi/lib/armv7e-m/fpu\libnosys.a(lseek.o)
                0x00008a6c                _lseek
 .text._exit    0x00008a7c        0x4 c:/freescale/kds_v3/toolchain/bin/../lib/gcc/arm-none-eabi/4.8.4/../../../../arm-none-eabi/lib/armv7e-m/fpu\libnosys.a(_exit.o)
                0x00008a7c                _exit
 *(.rodata)
 .rodata        0x00008a80      0x10c ./source/NRF24L01.o
 .rodata        0x00008b8c      0x2ac ./source/main.o
 .rodata        0x00008e38       0x70 ./drivers/fsl_adc16.o
 .rodata        0x00008ea8       0x3c ./drivers/fsl_clock.o
 .rodata        0x00008ee4       0x40 ./drivers/fsl_common.o
 .rodata        0x00008f24       0xa0 ./drivers/fsl_dspi.o
 .rodata        0x00008fc4      0x238 ./drivers/fsl_edma.o
 .rodata        0x000091fc       0xd0 ./drivers/fsl_lpuart.o
 .rodata        0x000092cc       0x70 ./drivers/fsl_sai.o
 .rodata        0x0000933c      0x19c ./drivers/fsl_sdhc.o
 *(.rodata*)
 .rodata.child_pipe_enable
                0x000094d8        0x8 ./source/NRF24L01.o
 .rodata.child_pipe
                0x000094e0        0x8 ./source/NRF24L01.o
 .rodata.child_payload_size
                0x000094e8        0x8 ./source/NRF24L01.o
 .rodata.addresses
                0x000094f0        0xc ./source/main.o
                0x000094f0                addresses
 .rodata.__func__.7224
                0x000094fc       0x20 ./source/main.o
 .rodata.__func__.7176
                0x0000951c       0x14 ./drivers/fsl_adc16.o
 .rodata.__func__.7181
                0x00009530        0xc ./drivers/fsl_adc16.o
 .rodata.__func__.7189
                0x0000953c       0x18 ./drivers/fsl_adc16.o
 .rodata.__func__.7232
                0x00009554       0x18 ./drivers/fsl_adc16.o
 .rodata.__func__.7238
                0x0000956c       0x1c ./drivers/fsl_adc16.o
 .rodata.__func__.7068
                0x00009588       0x18 ./drivers/fsl_clock.o
 .rodata.__func__.7113
                0x000095a0       0x1c ./drivers/fsl_clock.o
 .rodata.__func__.7117
                0x000095bc       0x1c ./drivers/fsl_clock.o
 .rodata.__func__.7125
                0x000095d8       0x18 ./drivers/fsl_clock.o
 .rodata.fllFactorTable.7204
                0x000095f0       0x10 ./drivers/fsl_clock.o
 .rodata.__func__.7266
                0x00009600       0x14 ./drivers/fsl_clock.o
 .rodata.__func__.7462
                0x00009614       0x14 ./drivers/fsl_clock.o
 .rodata.s_baudratePrescaler
                0x00009628       0x10 ./drivers/fsl_dspi.o
 .rodata.s_baudrateScaler
                0x00009638       0x40 ./drivers/fsl_dspi.o
 .rodata.s_delayPrescaler
                0x00009678       0x10 ./drivers/fsl_dspi.o
 .rodata.s_delayScaler
                0x00009688       0x40 ./drivers/fsl_dspi.o
 .rodata.s_dspiBases
                0x000096c8        0xc ./drivers/fsl_dspi.o
 .rodata.s_dspiClock
                0x000096d4        0xc ./drivers/fsl_dspi.o
 .rodata.__func__.7434
                0x000096e0       0x14 ./drivers/fsl_dspi.o
 .rodata.__func__.7441
                0x000096f4       0x10 ./drivers/fsl_dspi.o
 .rodata.__func__.7720
                0x00009704       0x18 ./drivers/fsl_dspi.o
 .rodata.__func__.7724
                0x0000971c       0x18 ./drivers/fsl_dspi.o
 .rodata.__func__.7728
                0x00009734       0x18 ./drivers/fsl_dspi.o
 .rodata.__func__.7468
                0x0000974c       0x1c ./drivers/fsl_edma.o
 .rodata.__func__.7554
                0x00009768       0x10 ./drivers/fsl_edma.o
 .rodata.s_lpuartBases
                0x00009778       0x14 ./drivers/fsl_lpuart.o
 .rodata.s_lpuartClock
                0x0000978c       0x14 ./drivers/fsl_lpuart.o
 .rodata.__func__.7262
                0x000097a0       0x14 ./drivers/fsl_lpuart.o
 .rodata.__func__.7296
                0x000097b4        0xc ./drivers/fsl_lpuart.o
 .rodata.__func__.7321
                0x000097c0       0x18 ./drivers/fsl_lpuart.o
 .rodata.__func__.7567
                0x000097d8       0x18 ./drivers/fsl_sai.o
 .rodata.__func__.7572
                0x000097f0       0x1c ./drivers/fsl_sai.o
 .rodata.__func__.7577
                0x0000980c       0x18 ./drivers/fsl_sai.o
 .rodata.__func__.7585
                0x00009824       0x18 ./drivers/fsl_sai.o
 .rodata.__func__.7592
                0x0000983c       0x1c ./drivers/fsl_sai.o
 .rodata.__func__.7596
                0x00009858       0x1c ./drivers/fsl_sai.o
 .rodata.__func__.7536
                0x00009874       0x1c ./drivers/fsl_sdhc.o
 .rodata.__func__.7375
                0x00009890       0x18 ./drivers/fsl_sdhc.o
 .rodata.__func__.7545
                0x000098a8       0x14 ./drivers/fsl_sdhc.o
 .rodata.__func__.7572
                0x000098bc       0x14 ./drivers/fsl_sdhc.o
 .rodata.__func__.7634
                0x000098d0       0x20 ./drivers/fsl_sdhc.o
 .rodata.__func__.7640
                0x000098f0       0x1c ./drivers/fsl_sdhc.o
 .rodata.__func__.7646
                0x0000990c       0x18 ./drivers/fsl_sdhc.o
 .rodata.__func__.7783
                0x00009924       0x18 ./drivers/fsl_sdhc.o
 .rodata.__func__.7788
                0x0000993c       0x18 ./drivers/fsl_sdhc.o
 .rodata.g_defaultClockConfigRun
                0x00009954       0x20 ./board/clock_config.o
                0x00009954                g_defaultClockConfigRun
 .rodata.str1.4
                0x00009974        0x4 c:/freescale/kds_v3/toolchain/bin/../lib/gcc/arm-none-eabi/4.8.4/../../../../arm-none-eabi/lib/armv7e-m/fpu\libm.a(lib_a-w_pow.o)
 .rodata.dp_h   0x00009978       0x10 c:/freescale/kds_v3/toolchain/bin/../lib/gcc/arm-none-eabi/4.8.4/../../../../arm-none-eabi/lib/armv7e-m/fpu\libm.a(lib_a-e_pow.o)
 .rodata.dp_l   0x00009988       0x10 c:/freescale/kds_v3/toolchain/bin/../lib/gcc/arm-none-eabi/4.8.4/../../../../arm-none-eabi/lib/armv7e-m/fpu\libm.a(lib_a-e_pow.o)
 .rodata.bp     0x00009998       0x10 c:/freescale/kds_v3/toolchain/bin/../lib/gcc/arm-none-eabi/4.8.4/../../../../arm-none-eabi/lib/armv7e-m/fpu\libm.a(lib_a-e_pow.o)
 .rodata.str1.4
                0x000099a8        0x4 c:/freescale/kds_v3/toolchain/bin/../lib/gcc/arm-none-eabi/4.8.4/../../../../arm-none-eabi/lib/armv7e-m/fpu\libm.a(lib_a-e_pow.o)
 *fill*         0x000099ac        0x4 
 .rodata.TWO52  0x000099b0       0x10 c:/freescale/kds_v3/toolchain/bin/../lib/gcc/arm-none-eabi/4.8.4/../../../../arm-none-eabi/lib/armv7e-m/fpu\libm.a(lib_a-s_rint.o)
 .rodata.str1.1
                0x000099c0        0x2 c:/freescale/kds_v3/toolchain/bin/../lib/gcc/arm-none-eabi/4.8.4/../../../../arm-none-eabi/lib/armv7e-m/fpu\libg_s.a(lib_a-impure.o)
 *fill*         0x000099c2        0x2 
 .rodata._global_impure_ptr
                0x000099c4        0x4 c:/freescale/kds_v3/toolchain/bin/../lib/gcc/arm-none-eabi/4.8.4/../../../../arm-none-eabi/lib/armv7e-m/fpu\libg_s.a(lib_a-impure.o)
                0x000099c4                _global_impure_ptr
 .rodata.str1.1
                0x000099c8       0x11 c:/freescale/kds_v3/toolchain/bin/../lib/gcc/arm-none-eabi/4.8.4/../../../../arm-none-eabi/lib/armv7e-m/fpu\libg_s.a(lib_a-vfprintf.o)
 .rodata.str1.1
                0x000099d9       0x22 c:/freescale/kds_v3/toolchain/bin/../lib/gcc/arm-none-eabi/4.8.4/../../../../arm-none-eabi/lib/armv7e-m/fpu\libg_s.a(lib_a-vfprintf_i.o)
 *fill*         0x000099fb        0x1 
 .rodata.__sf_fake_stdin
                0x000099fc       0x20 c:/freescale/kds_v3/toolchain/bin/../lib/gcc/arm-none-eabi/4.8.4/../../../../arm-none-eabi/lib/armv7e-m/fpu\libg_s.a(lib_a-findfp.o)
                0x000099fc                __sf_fake_stdin
 .rodata.__sf_fake_stdout
                0x00009a1c       0x20 c:/freescale/kds_v3/toolchain/bin/../lib/gcc/arm-none-eabi/4.8.4/../../../../arm-none-eabi/lib/armv7e-m/fpu\libg_s.a(lib_a-findfp.o)
                0x00009a1c                __sf_fake_stdout
 .rodata.__sf_fake_stderr
                0x00009a3c       0x20 c:/freescale/kds_v3/toolchain/bin/../lib/gcc/arm-none-eabi/4.8.4/../../../../arm-none-eabi/lib/armv7e-m/fpu\libg_s.a(lib_a-findfp.o)
                0x00009a3c                __sf_fake_stderr
 *(.glue_7)
 .glue_7        0x00000000        0x0 linker stubs
 *(.glue_7t)
 .glue_7t       0x00000000        0x0 linker stubs
 *(.eh_frame)
 .eh_frame      0x00009a5c        0x0 c:/freescale/kds_v3/toolchain/bin/../lib/gcc/arm-none-eabi/4.8.4/armv7e-m/fpu/crtbegin.o
 *(.init)
 .init          0x00009a5c        0x4 c:/freescale/kds_v3/toolchain/bin/../lib/gcc/arm-none-eabi/4.8.4/armv7e-m/fpu/crti.o
                0x00009a5c                _init
 .init          0x00009a60        0x8 c:/freescale/kds_v3/toolchain/bin/../lib/gcc/arm-none-eabi/4.8.4/armv7e-m/fpu/crtn.o
 *(.fini)
 .fini          0x00009a68        0x4 c:/freescale/kds_v3/toolchain/bin/../lib/gcc/arm-none-eabi/4.8.4/armv7e-m/fpu/crti.o
                0x00009a68                _fini
 .fini          0x00009a6c        0x8 c:/freescale/kds_v3/toolchain/bin/../lib/gcc/arm-none-eabi/4.8.4/armv7e-m/fpu/crtn.o
                0x00009a74                . = ALIGN (0x4)

.vfp11_veneer   0x00009a74        0x0
 .vfp11_veneer  0x00000000        0x0 linker stubs

.v4_bx          0x00009a74        0x0
 .v4_bx         0x00000000        0x0 linker stubs

.iplt           0x00009a74        0x0
 .iplt          0x00000000        0x0 c:/freescale/kds_v3/toolchain/bin/../lib/gcc/arm-none-eabi/4.8.4/armv7e-m/fpu/crtbegin.o

.ARM.extab
 *(.ARM.extab* .gnu.linkonce.armextab.*)

.ARM            0x00009a74        0x8
                0x00009a74                __exidx_start = .
 *(.ARM.exidx*)
 .ARM.exidx     0x00009a74        0x8 c:/freescale/kds_v3/toolchain/bin/../lib/gcc/arm-none-eabi/4.8.4/../../../../arm-none-eabi/lib/armv7e-m/fpu/crt0.o
 .ARM.exidx     0x00009a7c        0x0 c:/freescale/kds_v3/toolchain/bin/../lib/gcc/arm-none-eabi/4.8.4/armv7e-m/fpu\libgcc.a(_divdi3.o)
                                  0x8 (size before relaxing)
 .ARM.exidx     0x00009a7c        0x0 c:/freescale/kds_v3/toolchain/bin/../lib/gcc/arm-none-eabi/4.8.4/armv7e-m/fpu\libgcc.a(_udivdi3.o)
                                  0x8 (size before relaxing)
                0x00009a7c                __exidx_end = .

.rel.dyn        0x00009a7c        0x0
 .rel.iplt      0x00000000        0x0 c:/freescale/kds_v3/toolchain/bin/../lib/gcc/arm-none-eabi/4.8.4/armv7e-m/fpu/crtbegin.o

.ctors          0x00009a7c        0x0
                0x00009a7c                __CTOR_LIST__ = .
 *crtbegin.o(.ctors)
 *crtbegin?.o(.ctors)
 *(EXCLUDE_FILE(*crtend.o *crtend?.o) .ctors)
 *(SORT(.ctors.*))
 *(.ctors)
                0x00009a7c                __CTOR_END__ = .

.dtors          0x00009a7c        0x0
                0x00009a7c                __DTOR_LIST__ = .
 *crtbegin.o(.dtors)
 *crtbegin?.o(.dtors)
 *(EXCLUDE_FILE(*crtend.o *crtend?.o) .dtors)
 *(SORT(.dtors.*))
 *(.dtors)
                0x00009a7c                __DTOR_END__ = .

.preinit_array  0x00009a7c        0x0
                0x00009a7c                PROVIDE (__preinit_array_start, .)
 *(.preinit_array*)
                0x00009a7c                PROVIDE (__preinit_array_end, .)

.init_array     0x00009a7c        0x4
                0x00009a7c                PROVIDE (__init_array_start, .)
 *(SORT(.init_array.*))
 *(.init_array*)
 .init_array    0x00009a7c        0x4 c:/freescale/kds_v3/toolchain/bin/../lib/gcc/arm-none-eabi/4.8.4/armv7e-m/fpu/crtbegin.o
                0x00009a80                PROVIDE (__init_array_end, .)

.fini_array     0x00009a80        0x4
                0x00009a80                PROVIDE (__fini_array_start, .)
 *(SORT(.fini_array.*))
 *(.fini_array*)
 .fini_array    0x00009a80        0x4 c:/freescale/kds_v3/toolchain/bin/../lib/gcc/arm-none-eabi/4.8.4/armv7e-m/fpu/crtbegin.o
                0x00009a84                PROVIDE (__fini_array_end, .)
                0x00009a84                __etext = .
                0x00009a84                __DATA_ROM = .

.interrupts_ram
                0x1fff0000        0x0
                0x1fff0000                . = ALIGN (0x4)
                0x1fff0000                __VECTOR_RAM__ = .
                0x1fff0000                __interrupts_ram_start__ = .
 *(.m_interrupts_ram)
                0x1fff0000                . = (. + M_VECTOR_RAM_SIZE)
                0x1fff0000                . = ALIGN (0x4)
                0x1fff0000                __interrupts_ram_end__ = .
                0x00000000                __VECTOR_RAM = DEFINED (__ram_vector_table__)?__VECTOR_RAM__:ORIGIN (m_interrupts)
                0x00000000                __RAM_VECTOR_TABLE_SIZE_BYTES = DEFINED (__ram_vector_table__)?(__interrupts_ram_end__ - __interrupts_ram_start__):0x0

.data           0x1fff0000       0x80 load address 0x00009a84
                0x1fff0000                . = ALIGN (0x4)
                0x1fff0000                __DATA_RAM = .
                0x1fff0000                __data_start__ = .
 *(.data)
 *(.data*)
 .data.SystemCoreClock
                0x1fff0000        0x4 ./startup/system_MK82F25615.o
                0x1fff0000                SystemCoreClock
 .data.radioNumber
                0x1fff0004        0x1 ./source/main.o
                0x1fff0004                radioNumber
 .data.role_ping_out
                0x1fff0005        0x1 ./source/main.o
                0x1fff0005                role_ping_out
 .data.counter  0x1fff0006        0x1 ./source/main.o
                0x1fff0006                counter
 *fill*         0x1fff0007        0x1 
 .data.g_StrNewline
                0x1fff0008        0x4 ./source/main.o
 .data.s_slowIrcFreq
                0x1fff000c        0x4 ./drivers/fsl_clock.o
 .data.s_fastIrcFreq
                0x1fff0010        0x4 ./drivers/fsl_clock.o
 .data.__fdlib_version
                0x1fff0014        0x1 c:/freescale/kds_v3/toolchain/bin/../lib/gcc/arm-none-eabi/4.8.4/../../../../arm-none-eabi/lib/armv7e-m/fpu\libm.a(lib_a-s_lib_ver.o)
                0x1fff0014                __fdlib_version
 *fill*         0x1fff0015        0x3 
 .data.impure_data
                0x1fff0018       0x60 c:/freescale/kds_v3/toolchain/bin/../lib/gcc/arm-none-eabi/4.8.4/../../../../arm-none-eabi/lib/armv7e-m/fpu\libg_s.a(lib_a-impure.o)
 .data._impure_ptr
                0x1fff0078        0x4 c:/freescale/kds_v3/toolchain/bin/../lib/gcc/arm-none-eabi/4.8.4/../../../../arm-none-eabi/lib/armv7e-m/fpu\libg_s.a(lib_a-impure.o)
                0x1fff0078                _impure_ptr
 *(.jcr*)
 .jcr           0x1fff007c        0x0 c:/freescale/kds_v3/toolchain/bin/../lib/gcc/arm-none-eabi/4.8.4/armv7e-m/fpu/crtbegin.o
 .jcr           0x1fff007c        0x4 c:/freescale/kds_v3/toolchain/bin/../lib/gcc/arm-none-eabi/4.8.4/armv7e-m/fpu/crtend.o
                0x1fff0080                . = ALIGN (0x4)
                0x1fff0080                __data_end__ = .
                0x00009b04                __DATA_END = (__DATA_ROM + (__data_end__ - __data_start__))
                0x00040000                text_end = (ORIGIN (m_text) + 0x3fbf0)
                0x00000001                ASSERT ((__DATA_END <= text_end), region m_text overflowed with text and data)
                0x00000800                USB_RAM_GAP = DEFINED (__usb_ram_size__)?__usb_ram_size__:0x800

.igot.plt       0x1fff0080        0x0 load address 0x00009b04
 .igot.plt      0x00000000        0x0 c:/freescale/kds_v3/toolchain/bin/../lib/gcc/arm-none-eabi/4.8.4/armv7e-m/fpu/crtbegin.o

.bss            0x1fff0080      0x9b8 load address 0x00009b04
                0x1fff0080                . = ALIGN (0x4)
                0x1fff0080                __START_BSS = .
                0x1fff0080                __bss_start__ = .
 *(.bss)
 .bss           0x1fff0080       0x1c c:/freescale/kds_v3/toolchain/bin/../lib/gcc/arm-none-eabi/4.8.4/armv7e-m/fpu/crtbegin.o
 *(.bss*)
 .bss.s_debugConsole
                0x1fff009c       0x10 ./utilities/fsl_debug_console.o
 .bss.heap_end.4969
                0x1fff00ac        0x4 ./utilities/fsl_sbrk.o
 .bss.payload_size
                0x1fff00b0        0x1 ./source/NRF24L01.o
                0x1fff00b0                payload_size
 .bss.buffer    0x1fff00b1        0x1 ./source/main.o
                0x1fff00b1                buffer
 .bss.role_pong_back
                0x1fff00b2        0x1 ./source/main.o
                0x1fff00b2                role_pong_back
 .bss.role      0x1fff00b3        0x1 ./source/main.o
                0x1fff00b3                role
 .bss.g_dspiHandle
                0x1fff00b4        0xc ./drivers/fsl_dspi.o
 .bss.s_dspiMasterIsr
                0x1fff00c0        0x4 ./drivers/fsl_dspi.o
 .bss.s_dspiSlaveIsr
                0x1fff00c4        0x4 ./drivers/fsl_dspi.o
 .bss.s_EDMAHandle
                0x1fff00c8       0x80 ./drivers/fsl_edma.o
 .bss.s_flexioHandle
                0x1fff0148        0x8 ./drivers/fsl_flexio.o
 .bss.s_flexioType
                0x1fff0150        0x8 ./drivers/fsl_flexio.o
 .bss.s_flexioIsr
                0x1fff0158        0x8 ./drivers/fsl_flexio.o
 .bss.s_i2cHandle
                0x1fff0160       0x10 ./drivers/fsl_i2c.o
 .bss.s_i2cMasterIsr
                0x1fff0170        0x4 ./drivers/fsl_i2c.o
 .bss.s_i2cSlaveIsr
                0x1fff0174        0x4 ./drivers/fsl_i2c.o
 .bss.s_lpuartHandle
                0x1fff0178       0x14 ./drivers/fsl_lpuart.o
 .bss.s_lpuartIsr
                0x1fff018c        0x4 ./drivers/fsl_lpuart.o
 .bss.s_sdhcHandle
                0x1fff0190        0x4 ./drivers/fsl_sdhc.o
 .bss.__malloc_sbrk_start
                0x1fff0194        0x4 c:/freescale/kds_v3/toolchain/bin/../lib/gcc/arm-none-eabi/4.8.4/../../../../arm-none-eabi/lib/armv7e-m/fpu\libg_s.a(lib_a-nano-mallocr.o)
                0x1fff0194                __malloc_sbrk_start
 .bss.__malloc_free_list
                0x1fff0198        0x4 c:/freescale/kds_v3/toolchain/bin/../lib/gcc/arm-none-eabi/4.8.4/../../../../arm-none-eabi/lib/armv7e-m/fpu\libg_s.a(lib_a-nano-mallocr.o)
                0x1fff0198                __malloc_free_list
                0x1fff0200                . = ALIGN (0x200)
 *fill*         0x1fff019c       0x64 
                0x1fff0200                USB_RAM_START = .
                0x1fff0a00                . = (. + USB_RAM_GAP)
 *fill*         0x1fff0200      0x800 
 *(COMMON)
 COMMON         0x1fff0a00       0x10 ./source/NRF24L01.o
                0x1fff0a00                addr_width
                0x1fff0a01                dynamic_payloads_enabled
                0x1fff0a04                pipe0_reading_address
                0x1fff0a09                p_variant
                0x1fff0a0c                txRxDelay
 COMMON         0x1fff0a10       0x11 ./source/main.o
                0x1fff0a10                adc16ChannelConfigStruct
                0x1fff0a18                adc16ConfigStruct
 *fill*         0x1fff0a21        0x3 
 COMMON         0x1fff0a24        0x8 ./drivers/fsl_clock.o
                0x1fff0a24                g_xtal32Freq
                0x1fff0a28                g_xtal0Freq
 COMMON         0x1fff0a2c        0x8 ./drivers/fsl_sai.o
                0x1fff0a2c                s_saiHandle
 COMMON         0x1fff0a34        0x4 c:/freescale/kds_v3/toolchain/bin/../lib/gcc/arm-none-eabi/4.8.4/../../../../arm-none-eabi/lib/armv7e-m/fpu\libg_s.a(lib_a-reent.o)
                0x1fff0a34                errno
                0x1fff0a38                . = ALIGN (0x4)
                0x1fff0a38                __bss_end__ = .
                0x1fff0a38                __END_BSS = .

.heap           0x20000000      0x400
                0x20000000                . = ALIGN (0x8)
                0x20000000                __end__ = .
                0x20000000                PROVIDE (end, .)
                0x20000000                __HeapBase = .
                0x20000400                . = (. + HEAP_SIZE)
 *fill*         0x20000000      0x400 
                0x20000400                __HeapLimit = .
                0x20000400                __heap_limit = .

.stack          0x20000400      0x400
                0x20000400                . = ALIGN (0x8)
                0x20000800                . = (. + STACK_SIZE)
 *fill*         0x20000400      0x400 

m_usb_bdt       0x1fff0200        0x0
 *(m_usb_bdt)
                0x1fff0200                USB_RAM_BDT_END = .

m_usb_global
 *(m_usb_global)
                0x20030000                __StackTop = (ORIGIN (m_data_2) + 0x30000)
                0x2002fc00                __StackLimit = (__StackTop - STACK_SIZE)
                0x20030000                PROVIDE (__stack, __StackTop)

.ARM.attributes
                0x00000000       0x30
 *(.ARM.attributes)
 .ARM.attributes
                0x00000000       0x22 c:/freescale/kds_v3/toolchain/bin/../lib/gcc/arm-none-eabi/4.8.4/armv7e-m/fpu/crti.o
 .ARM.attributes
                0x00000022       0x34 c:/freescale/kds_v3/toolchain/bin/../lib/gcc/arm-none-eabi/4.8.4/armv7e-m/fpu/crtbegin.o
 .ARM.attributes
                0x00000056       0x20 c:/freescale/kds_v3/toolchain/bin/../lib/gcc/arm-none-eabi/4.8.4/../../../../arm-none-eabi/lib/armv7e-m/fpu/crt0.o
 .ARM.attributes
                0x00000076       0x39 ./utilities/fsl_debug_console.o
 .ARM.attributes
                0x000000af       0x39 ./utilities/fsl_sbrk.o
 .ARM.attributes
                0x000000e8       0x1f ./startup/startup_MK82F25615.o
 .ARM.attributes
                0x00000107       0x39 ./startup/system_MK82F25615.o
 .ARM.attributes
                0x00000140       0x39 ./source/NRF24L01.o
 .ARM.attributes
                0x00000179       0x39 ./source/SPI.o
 .ARM.attributes
                0x000001b2       0x39 ./source/Utilities.o
 .ARM.attributes
                0x000001eb       0x39 ./source/main.o
 .ARM.attributes
                0x00000224       0x39 ./drivers/fsl_adc16.o
 .ARM.attributes
                0x0000025d       0x39 ./drivers/fsl_clock.o
 .ARM.attributes
                0x00000296       0x39 ./drivers/fsl_common.o
 .ARM.attributes
                0x000002cf       0x39 ./drivers/fsl_dspi.o
 .ARM.attributes
                0x00000308       0x39 ./drivers/fsl_edma.o
 .ARM.attributes
                0x00000341       0x39 ./drivers/fsl_flexio.o
 .ARM.attributes
                0x0000037a       0x39 ./drivers/fsl_i2c.o
 .ARM.attributes
                0x000003b3       0x39 ./drivers/fsl_lpuart.o
 .ARM.attributes
                0x000003ec       0x39 ./drivers/fsl_sai.o
 .ARM.attributes
                0x00000425       0x39 ./drivers/fsl_sdhc.o
 .ARM.attributes
                0x0000045e       0x39 ./board/board.o
 .ARM.attributes
                0x00000497       0x39 ./board/clock_config.o
 .ARM.attributes
                0x000004d0       0x39 ./board/pin_mux.o
 .ARM.attributes
                0x00000509       0x34 c:/freescale/kds_v3/toolchain/bin/../lib/gcc/arm-none-eabi/4.8.4/../../../../arm-none-eabi/lib/armv7e-m/fpu\libm.a(lib_a-s_modf.o)
 .ARM.attributes
                0x0000053d       0x34 c:/freescale/kds_v3/toolchain/bin/../lib/gcc/arm-none-eabi/4.8.4/../../../../arm-none-eabi/lib/armv7e-m/fpu\libm.a(lib_a-w_pow.o)
 .ARM.attributes
                0x00000571       0x34 c:/freescale/kds_v3/toolchain/bin/../lib/gcc/arm-none-eabi/4.8.4/../../../../arm-none-eabi/lib/armv7e-m/fpu\libm.a(lib_a-e_pow.o)
 .ARM.attributes
                0x000005a5       0x34 c:/freescale/kds_v3/toolchain/bin/../lib/gcc/arm-none-eabi/4.8.4/../../../../arm-none-eabi/lib/armv7e-m/fpu\libm.a(lib_a-e_sqrt.o)
 .ARM.attributes
                0x000005d9       0x34 c:/freescale/kds_v3/toolchain/bin/../lib/gcc/arm-none-eabi/4.8.4/../../../../arm-none-eabi/lib/armv7e-m/fpu\libm.a(lib_a-s_fabs.o)
 .ARM.attributes
                0x0000060d       0x34 c:/freescale/kds_v3/toolchain/bin/../lib/gcc/arm-none-eabi/4.8.4/../../../../arm-none-eabi/lib/armv7e-m/fpu\libm.a(lib_a-s_finite.o)
 .ARM.attributes
                0x00000641       0x34 c:/freescale/kds_v3/toolchain/bin/../lib/gcc/arm-none-eabi/4.8.4/../../../../arm-none-eabi/lib/armv7e-m/fpu\libm.a(lib_a-s_fpclassify.o)
 .ARM.attributes
                0x00000675       0x34 c:/freescale/kds_v3/toolchain/bin/../lib/gcc/arm-none-eabi/4.8.4/../../../../arm-none-eabi/lib/armv7e-m/fpu\libm.a(lib_a-s_lib_ver.o)
 .ARM.attributes
                0x000006a9       0x34 c:/freescale/kds_v3/toolchain/bin/../lib/gcc/arm-none-eabi/4.8.4/../../../../arm-none-eabi/lib/armv7e-m/fpu\libm.a(lib_a-s_matherr.o)
 .ARM.attributes
                0x000006dd       0x34 c:/freescale/kds_v3/toolchain/bin/../lib/gcc/arm-none-eabi/4.8.4/../../../../arm-none-eabi/lib/armv7e-m/fpu\libm.a(lib_a-s_nan.o)
 .ARM.attributes
                0x00000711       0x34 c:/freescale/kds_v3/toolchain/bin/../lib/gcc/arm-none-eabi/4.8.4/../../../../arm-none-eabi/lib/armv7e-m/fpu\libm.a(lib_a-s_rint.o)
 .ARM.attributes
                0x00000745       0x34 c:/freescale/kds_v3/toolchain/bin/../lib/gcc/arm-none-eabi/4.8.4/../../../../arm-none-eabi/lib/armv7e-m/fpu\libm.a(lib_a-s_scalbn.o)
 .ARM.attributes
                0x00000779       0x34 c:/freescale/kds_v3/toolchain/bin/../lib/gcc/arm-none-eabi/4.8.4/../../../../arm-none-eabi/lib/armv7e-m/fpu\libm.a(lib_a-s_copysign.o)
 .ARM.attributes
                0x000007ad       0x22 c:/freescale/kds_v3/toolchain/bin/../lib/gcc/arm-none-eabi/4.8.4/armv7e-m/fpu\libgcc.a(_arm_addsubdf3.o)
 .ARM.attributes
                0x000007cf       0x22 c:/freescale/kds_v3/toolchain/bin/../lib/gcc/arm-none-eabi/4.8.4/armv7e-m/fpu\libgcc.a(_arm_muldivdf3.o)
 .ARM.attributes
                0x000007f1       0x22 c:/freescale/kds_v3/toolchain/bin/../lib/gcc/arm-none-eabi/4.8.4/armv7e-m/fpu\libgcc.a(_arm_cmpdf2.o)
 .ARM.attributes
                0x00000813       0x22 c:/freescale/kds_v3/toolchain/bin/../lib/gcc/arm-none-eabi/4.8.4/armv7e-m/fpu\libgcc.a(_arm_fixdfsi.o)
 .ARM.attributes
                0x00000835       0x22 c:/freescale/kds_v3/toolchain/bin/../lib/gcc/arm-none-eabi/4.8.4/armv7e-m/fpu\libgcc.a(_aeabi_ldivmod.o)
 .ARM.attributes
                0x00000857       0x22 c:/freescale/kds_v3/toolchain/bin/../lib/gcc/arm-none-eabi/4.8.4/armv7e-m/fpu\libgcc.a(_aeabi_uldivmod.o)
 .ARM.attributes
                0x00000879       0x34 c:/freescale/kds_v3/toolchain/bin/../lib/gcc/arm-none-eabi/4.8.4/armv7e-m/fpu\libgcc.a(_fixdfdi.o)
 .ARM.attributes
                0x000008ad       0x34 c:/freescale/kds_v3/toolchain/bin/../lib/gcc/arm-none-eabi/4.8.4/armv7e-m/fpu\libgcc.a(_fixunsdfdi.o)
 .ARM.attributes
                0x000008e1       0x34 c:/freescale/kds_v3/toolchain/bin/../lib/gcc/arm-none-eabi/4.8.4/armv7e-m/fpu\libgcc.a(bpabi.o)
 .ARM.attributes
                0x00000915       0x22 c:/freescale/kds_v3/toolchain/bin/../lib/gcc/arm-none-eabi/4.8.4/armv7e-m/fpu\libgcc.a(_dvmd_tls.o)
 .ARM.attributes
                0x00000937       0x22 c:/freescale/kds_v3/toolchain/bin/../lib/gcc/arm-none-eabi/4.8.4/armv7e-m/fpu\libgcc.a(_arm_fixunsdfsi.o)
 .ARM.attributes
                0x00000959       0x34 c:/freescale/kds_v3/toolchain/bin/../lib/gcc/arm-none-eabi/4.8.4/armv7e-m/fpu\libgcc.a(_divdi3.o)
 .ARM.attributes
                0x0000098d       0x34 c:/freescale/kds_v3/toolchain/bin/../lib/gcc/arm-none-eabi/4.8.4/armv7e-m/fpu\libgcc.a(_udivdi3.o)
 .ARM.attributes
                0x000009c1       0x34 c:/freescale/kds_v3/toolchain/bin/../lib/gcc/arm-none-eabi/4.8.4/../../../../arm-none-eabi/lib/armv7e-m/fpu\libg_s.a(lib_a-errno.o)
 .ARM.attributes
                0x000009f5       0x34 c:/freescale/kds_v3/toolchain/bin/../lib/gcc/arm-none-eabi/4.8.4/../../../../arm-none-eabi/lib/armv7e-m/fpu\libg_s.a(lib_a-exit.o)
 .ARM.attributes
                0x00000a29       0x34 c:/freescale/kds_v3/toolchain/bin/../lib/gcc/arm-none-eabi/4.8.4/../../../../arm-none-eabi/lib/armv7e-m/fpu\libg_s.a(lib_a-impure.o)
 .ARM.attributes
                0x00000a5d       0x34 c:/freescale/kds_v3/toolchain/bin/../lib/gcc/arm-none-eabi/4.8.4/../../../../arm-none-eabi/lib/armv7e-m/fpu\libg_s.a(lib_a-init.o)
 .ARM.attributes
                0x00000a91       0x34 c:/freescale/kds_v3/toolchain/bin/../lib/gcc/arm-none-eabi/4.8.4/../../../../arm-none-eabi/lib/armv7e-m/fpu\libg_s.a(lib_a-memcpy-stub.o)
 .ARM.attributes
                0x00000ac5       0x34 c:/freescale/kds_v3/toolchain/bin/../lib/gcc/arm-none-eabi/4.8.4/../../../../arm-none-eabi/lib/armv7e-m/fpu\libg_s.a(lib_a-memset.o)
 .ARM.attributes
                0x00000af9       0x34 c:/freescale/kds_v3/toolchain/bin/../lib/gcc/arm-none-eabi/4.8.4/../../../../arm-none-eabi/lib/armv7e-m/fpu\libg_s.a(lib_a-printf.o)
 .ARM.attributes
                0x00000b2d       0x34 c:/freescale/kds_v3/toolchain/bin/../lib/gcc/arm-none-eabi/4.8.4/../../../../arm-none-eabi/lib/armv7e-m/fpu\libg_s.a(lib_a-puts.o)
 .ARM.attributes
                0x00000b61       0x34 c:/freescale/kds_v3/toolchain/bin/../lib/gcc/arm-none-eabi/4.8.4/../../../../arm-none-eabi/lib/armv7e-m/fpu\libg_s.a(lib_a-strlen.o)
 .ARM.attributes
                0x00000b95       0x34 c:/freescale/kds_v3/toolchain/bin/../lib/gcc/arm-none-eabi/4.8.4/../../../../arm-none-eabi/lib/armv7e-m/fpu\libg_s.a(lib_a-vfprintf.o)
 .ARM.attributes
                0x00000bc9       0x34 c:/freescale/kds_v3/toolchain/bin/../lib/gcc/arm-none-eabi/4.8.4/../../../../arm-none-eabi/lib/armv7e-m/fpu\libg_s.a(lib_a-vfprintf_i.o)
 .ARM.attributes
                0x00000bfd       0x34 c:/freescale/kds_v3/toolchain/bin/../lib/gcc/arm-none-eabi/4.8.4/../../../../arm-none-eabi/lib/armv7e-m/fpu\libg_s.a(lib_a-wbuf.o)
 .ARM.attributes
                0x00000c31       0x34 c:/freescale/kds_v3/toolchain/bin/../lib/gcc/arm-none-eabi/4.8.4/../../../../arm-none-eabi/lib/armv7e-m/fpu\libg_s.a(lib_a-wsetup.o)
 .ARM.attributes
                0x00000c65       0x34 c:/freescale/kds_v3/toolchain/bin/../lib/gcc/arm-none-eabi/4.8.4/../../../../arm-none-eabi/lib/armv7e-m/fpu\libg_s.a(lib_a-fflush.o)
 .ARM.attributes
                0x00000c99       0x34 c:/freescale/kds_v3/toolchain/bin/../lib/gcc/arm-none-eabi/4.8.4/../../../../arm-none-eabi/lib/armv7e-m/fpu\libg_s.a(lib_a-findfp.o)
 .ARM.attributes
                0x00000ccd       0x34 c:/freescale/kds_v3/toolchain/bin/../lib/gcc/arm-none-eabi/4.8.4/../../../../arm-none-eabi/lib/armv7e-m/fpu\libg_s.a(lib_a-makebuf.o)
 .ARM.attributes
                0x00000d01       0x34 c:/freescale/kds_v3/toolchain/bin/../lib/gcc/arm-none-eabi/4.8.4/../../../../arm-none-eabi/lib/armv7e-m/fpu\libg_s.a(lib_a-memchr-stub.o)
 .ARM.attributes
                0x00000d35       0x34 c:/freescale/kds_v3/toolchain/bin/../lib/gcc/arm-none-eabi/4.8.4/../../../../arm-none-eabi/lib/armv7e-m/fpu\libg_s.a(lib_a-nano-freer.o)
 .ARM.attributes
                0x00000d69       0x34 c:/freescale/kds_v3/toolchain/bin/../lib/gcc/arm-none-eabi/4.8.4/../../../../arm-none-eabi/lib/armv7e-m/fpu\libg_s.a(lib_a-nano-mallocr.o)
 .ARM.attributes
                0x00000d9d       0x34 c:/freescale/kds_v3/toolchain/bin/../lib/gcc/arm-none-eabi/4.8.4/../../../../arm-none-eabi/lib/armv7e-m/fpu\libg_s.a(lib_a-sbrkr.o)
 .ARM.attributes
                0x00000dd1       0x34 c:/freescale/kds_v3/toolchain/bin/../lib/gcc/arm-none-eabi/4.8.4/../../../../arm-none-eabi/lib/armv7e-m/fpu\libg_s.a(lib_a-stdio.o)
 .ARM.attributes
                0x00000e05       0x34 c:/freescale/kds_v3/toolchain/bin/../lib/gcc/arm-none-eabi/4.8.4/../../../../arm-none-eabi/lib/armv7e-m/fpu\libg_s.a(lib_a-writer.o)
 .ARM.attributes
                0x00000e39       0x34 c:/freescale/kds_v3/toolchain/bin/../lib/gcc/arm-none-eabi/4.8.4/../../../../arm-none-eabi/lib/armv7e-m/fpu\libg_s.a(lib_a-closer.o)
 .ARM.attributes
                0x00000e6d       0x34 c:/freescale/kds_v3/toolchain/bin/../lib/gcc/arm-none-eabi/4.8.4/../../../../arm-none-eabi/lib/armv7e-m/fpu\libg_s.a(lib_a-fstatr.o)
 .ARM.attributes
                0x00000ea1       0x34 c:/freescale/kds_v3/toolchain/bin/../lib/gcc/arm-none-eabi/4.8.4/../../../../arm-none-eabi/lib/armv7e-m/fpu\libg_s.a(lib_a-isattyr.o)
 .ARM.attributes
                0x00000ed5       0x34 c:/freescale/kds_v3/toolchain/bin/../lib/gcc/arm-none-eabi/4.8.4/../../../../arm-none-eabi/lib/armv7e-m/fpu\libg_s.a(lib_a-lseekr.o)
 .ARM.attributes
                0x00000f09       0x34 c:/freescale/kds_v3/toolchain/bin/../lib/gcc/arm-none-eabi/4.8.4/../../../../arm-none-eabi/lib/armv7e-m/fpu\libg_s.a(lib_a-readr.o)
 .ARM.attributes
                0x00000f3d       0x34 c:/freescale/kds_v3/toolchain/bin/../lib/gcc/arm-none-eabi/4.8.4/../../../../arm-none-eabi/lib/armv7e-m/fpu\libg_s.a(lib_a-reent.o)
 .ARM.attributes
                0x00000f71       0x34 c:/freescale/kds_v3/toolchain/bin/../lib/gcc/arm-none-eabi/4.8.4/../../../../arm-none-eabi/lib/armv7e-m/fpu\libnosys.a(close.o)
 .ARM.attributes
                0x00000fa5       0x34 c:/freescale/kds_v3/toolchain/bin/../lib/gcc/arm-none-eabi/4.8.4/../../../../arm-none-eabi/lib/armv7e-m/fpu\libnosys.a(fstat.o)
 .ARM.attributes
                0x00000fd9       0x34 c:/freescale/kds_v3/toolchain/bin/../lib/gcc/arm-none-eabi/4.8.4/../../../../arm-none-eabi/lib/armv7e-m/fpu\libnosys.a(isatty.o)
 .ARM.attributes
                0x0000100d       0x34 c:/freescale/kds_v3/toolchain/bin/../lib/gcc/arm-none-eabi/4.8.4/../../../../arm-none-eabi/lib/armv7e-m/fpu\libnosys.a(lseek.o)
 .ARM.attributes
                0x00001041       0x34 c:/freescale/kds_v3/toolchain/bin/../lib/gcc/arm-none-eabi/4.8.4/../../../../arm-none-eabi/lib/armv7e-m/fpu\libnosys.a(_exit.o)
 .ARM.attributes
                0x00001075       0x34 c:/freescale/kds_v3/toolchain/bin/../lib/gcc/arm-none-eabi/4.8.4/armv7e-m/fpu/crtend.o
 .ARM.attributes
                0x000010a9       0x22 c:/freescale/kds_v3/toolchain/bin/../lib/gcc/arm-none-eabi/4.8.4/armv7e-m/fpu/crtn.o
                0x00000001                ASSERT ((__StackLimit >= __HeapLimit), region m_data_2 overflowed with stack and heap)
OUTPUT(WirelessScale.elf elf32-littlearm)

.debug_info     0x00000000    0x14874
 .debug_info    0x00000000      0xdb3 ./utilities/fsl_debug_console.o
 .debug_info    0x00000db3      0x112 ./utilities/fsl_sbrk.o
 .debug_info    0x00000ec5       0x80 ./startup/startup_MK82F25615.o
 .debug_info    0x00000f45      0x620 ./startup/system_MK82F25615.o
 .debug_info    0x00001565     0x10a3 ./source/NRF24L01.o
 .debug_info    0x00002608      0x6cb ./source/SPI.o
 .debug_info    0x00002cd3      0x218 ./source/Utilities.o
 .debug_info    0x00002eeb      0x7a4 ./source/main.o
 .debug_info    0x0000368f      0xd3f ./drivers/fsl_adc16.o
 .debug_info    0x000043ce     0x1fa2 ./drivers/fsl_clock.o
 .debug_info    0x00006370      0x69d ./drivers/fsl_common.o
 .debug_info    0x00006a0d     0x222a ./drivers/fsl_dspi.o
 .debug_info    0x00008c37     0x23f3 ./drivers/fsl_edma.o
 .debug_info    0x0000b02a     0x10a1 ./drivers/fsl_flexio.o
 .debug_info    0x0000c0cb     0x1d36 ./drivers/fsl_i2c.o
 .debug_info    0x0000de01     0x1977 ./drivers/fsl_lpuart.o
 .debug_info    0x0000f778     0x1c82 ./drivers/fsl_sai.o
 .debug_info    0x000113fa     0x2331 ./drivers/fsl_sdhc.o
 .debug_info    0x0001372b      0x384 ./board/board.o
 .debug_info    0x00013aaf      0x905 ./board/clock_config.o
 .debug_info    0x000143b4      0x4c0 ./board/pin_mux.o

.debug_abbrev   0x00000000     0x2a6e
 .debug_abbrev  0x00000000      0x25a ./utilities/fsl_debug_console.o
 .debug_abbrev  0x0000025a       0xa3 ./utilities/fsl_sbrk.o
 .debug_abbrev  0x000002fd       0x14 ./startup/startup_MK82F25615.o
 .debug_abbrev  0x00000311      0x11a ./startup/system_MK82F25615.o
 .debug_abbrev  0x0000042b      0x294 ./source/NRF24L01.o
 .debug_abbrev  0x000006bf      0x1ec ./source/SPI.o
 .debug_abbrev  0x000008ab      0x11b ./source/Utilities.o
 .debug_abbrev  0x000009c6      0x1a9 ./source/main.o
 .debug_abbrev  0x00000b6f      0x259 ./drivers/fsl_adc16.o
 .debug_abbrev  0x00000dc8      0x2c9 ./drivers/fsl_clock.o
 .debug_abbrev  0x00001091      0x168 ./drivers/fsl_common.o
 .debug_abbrev  0x000011f9      0x2f1 ./drivers/fsl_dspi.o
 .debug_abbrev  0x000014ea      0x3a4 ./drivers/fsl_edma.o
 .debug_abbrev  0x0000188e      0x230 ./drivers/fsl_flexio.o
 .debug_abbrev  0x00001abe      0x313 ./drivers/fsl_i2c.o
 .debug_abbrev  0x00001dd1      0x372 ./drivers/fsl_lpuart.o
 .debug_abbrev  0x00002143      0x28f ./drivers/fsl_sai.o
 .debug_abbrev  0x000023d2      0x292 ./drivers/fsl_sdhc.o
 .debug_abbrev  0x00002664      0x11a ./board/board.o
 .debug_abbrev  0x0000277e      0x1b6 ./board/clock_config.o
 .debug_abbrev  0x00002934      0x13a ./board/pin_mux.o

.debug_aranges  0x00000000     0x1238
 .debug_aranges
                0x00000000       0x98 ./utilities/fsl_debug_console.o
 .debug_aranges
                0x00000098       0x20 ./utilities/fsl_sbrk.o
 .debug_aranges
                0x000000b8       0x20 ./startup/startup_MK82F25615.o
 .debug_aranges
                0x000000d8       0x28 ./startup/system_MK82F25615.o
 .debug_aranges
                0x00000100      0x238 ./source/NRF24L01.o
 .debug_aranges
                0x00000338       0x50 ./source/SPI.o
 .debug_aranges
                0x00000388       0x30 ./source/Utilities.o
 .debug_aranges
                0x000003b8       0x40 ./source/main.o
 .debug_aranges
                0x000003f8       0x88 ./drivers/fsl_adc16.o
 .debug_aranges
                0x00000480      0x1f8 ./drivers/fsl_clock.o
 .debug_aranges
                0x00000678       0x28 ./drivers/fsl_common.o
 .debug_aranges
                0x000006a0      0x1a8 ./drivers/fsl_dspi.o
 .debug_aranges
                0x00000848      0x2c8 ./drivers/fsl_edma.o
 .debug_aranges
                0x00000b10       0x98 ./drivers/fsl_flexio.o
 .debug_aranges
                0x00000ba8      0x180 ./drivers/fsl_i2c.o
 .debug_aranges
                0x00000d28      0x170 ./drivers/fsl_lpuart.o
 .debug_aranges
                0x00000e98      0x160 ./drivers/fsl_sai.o
 .debug_aranges
                0x00000ff8      0x198 ./drivers/fsl_sdhc.o
 .debug_aranges
                0x00001190       0x28 ./board/board.o
 .debug_aranges
                0x000011b8       0x50 ./board/clock_config.o
 .debug_aranges
                0x00001208       0x30 ./board/pin_mux.o

.debug_ranges   0x00000000     0x10d8
 .debug_ranges  0x00000000       0x88 ./utilities/fsl_debug_console.o
 .debug_ranges  0x00000088       0x10 ./utilities/fsl_sbrk.o
 .debug_ranges  0x00000098       0x18 ./startup/system_MK82F25615.o
 .debug_ranges  0x000000b0      0x228 ./source/NRF24L01.o
 .debug_ranges  0x000002d8       0x40 ./source/SPI.o
 .debug_ranges  0x00000318       0x20 ./source/Utilities.o
 .debug_ranges  0x00000338       0x30 ./source/main.o
 .debug_ranges  0x00000368       0x78 ./drivers/fsl_adc16.o
 .debug_ranges  0x000003e0      0x1e8 ./drivers/fsl_clock.o
 .debug_ranges  0x000005c8       0x18 ./drivers/fsl_common.o
 .debug_ranges  0x000005e0      0x198 ./drivers/fsl_dspi.o
 .debug_ranges  0x00000778      0x2b8 ./drivers/fsl_edma.o
 .debug_ranges  0x00000a30       0x88 ./drivers/fsl_flexio.o
 .debug_ranges  0x00000ab8      0x170 ./drivers/fsl_i2c.o
 .debug_ranges  0x00000c28      0x160 ./drivers/fsl_lpuart.o
 .debug_ranges  0x00000d88      0x150 ./drivers/fsl_sai.o
 .debug_ranges  0x00000ed8      0x188 ./drivers/fsl_sdhc.o
 .debug_ranges  0x00001060       0x18 ./board/board.o
 .debug_ranges  0x00001078       0x40 ./board/clock_config.o
 .debug_ranges  0x000010b8       0x20 ./board/pin_mux.o

.debug_macro    0x00000000    0x182c9
 .debug_macro   0x00000000      0x1fd ./utilities/fsl_debug_console.o
 .debug_macro   0x000001fd      0x85c ./utilities/fsl_debug_console.o
 .debug_macro   0x00000a59       0x58 ./utilities/fsl_debug_console.o
 .debug_macro   0x00000ab1       0x58 ./utilities/fsl_debug_console.o
 .debug_macro   0x00000b09       0x16 ./utilities/fsl_debug_console.o
 .debug_macro   0x00000b1f       0x35 ./utilities/fsl_debug_console.o
 .debug_macro   0x00000b54       0xa3 ./utilities/fsl_debug_console.o
 .debug_macro   0x00000bf7       0x16 ./utilities/fsl_debug_console.o
 .debug_macro   0x00000c0d      0x10e ./utilities/fsl_debug_console.o
 .debug_macro   0x00000d1b       0x7f ./utilities/fsl_debug_console.o
 .debug_macro   0x00000d9a       0x4a ./utilities/fsl_debug_console.o
 .debug_macro   0x00000de4       0x52 ./utilities/fsl_debug_console.o
 .debug_macro   0x00000e36       0x16 ./utilities/fsl_debug_console.o
 .debug_macro   0x00000e4c       0x43 ./utilities/fsl_debug_console.o
 .debug_macro   0x00000e8f      0x180 ./utilities/fsl_debug_console.o